Component: ARM Compiler 5.05 update 1 (build 106) Tool: armlink [4d0efa]

==============================================================================

Section Cross References

    startup_stm32f407xx.o(STACK) refers (Special) to heapauxi.o(.text) for __use_two_region_memory
    startup_stm32f407xx.o(HEAP) refers (Special) to heapauxi.o(.text) for __use_two_region_memory
    startup_stm32f407xx.o(RESET) refers (Special) to heapauxi.o(.text) for __use_two_region_memory
    startup_stm32f407xx.o(RESET) refers to startup_stm32f407xx.o(STACK) for __initial_sp
    startup_stm32f407xx.o(RESET) refers to startup_stm32f407xx.o(.text) for Reset_Handler
    startup_stm32f407xx.o(RESET) refers to stm32f4xx_it.o(i.NMI_Handler) for NMI_Handler
    startup_stm32f407xx.o(RESET) refers to stm32f4xx_it.o(i.HardFault_Handler) for HardFault_Handler
    startup_stm32f407xx.o(RESET) refers to stm32f4xx_it.o(i.MemManage_Handler) for MemManage_Handler
    startup_stm32f407xx.o(RESET) refers to stm32f4xx_it.o(i.BusFault_Handler) for BusFault_Handler
    startup_stm32f407xx.o(RESET) refers to stm32f4xx_it.o(i.UsageFault_Handler) for UsageFault_Handler
    startup_stm32f407xx.o(RESET) refers to port.o(.emb_text) for SVC_Handler
    startup_stm32f407xx.o(RESET) refers to stm32f4xx_it.o(i.DebugMon_Handler) for DebugMon_Handler
    startup_stm32f407xx.o(RESET) refers to port.o(i.SysTick_Handler) for SysTick_Handler
    startup_stm32f407xx.o(RESET) refers to stm32f4xx_it.o(i.TIM8_BRK_TIM12_IRQHandler) for TIM8_BRK_TIM12_IRQHandler
    startup_stm32f407xx.o(RESET) refers to stm32f4xx_it.o(i.TIM8_TRG_COM_TIM14_IRQHandler) for TIM8_TRG_COM_TIM14_IRQHandler
    startup_stm32f407xx.o(.text) refers (Special) to heapauxi.o(.text) for __use_two_region_memory
    startup_stm32f407xx.o(.text) refers to system_stm32f4xx.o(i.SystemInit) for SystemInit
    startup_stm32f407xx.o(.text) refers to __main.o(!!!main) for __main
    startup_stm32f407xx.o(.text) refers to startup_stm32f407xx.o(HEAP) for Heap_Mem
    startup_stm32f407xx.o(.text) refers to startup_stm32f407xx.o(STACK) for Stack_Mem
    misc.o(i.Communication_Success) refers to stm32f4xx_hal_gpio.o(i.HAL_GPIO_WritePin) for HAL_GPIO_WritePin
    misc.o(i.Communication_Success) refers to misc.o(.data) for .data
    misc.o(i.N2V) refers to main.o(.bss) for g_robot
    misc.o(i.OLED_Display_Init) refers to oled.o(i.OLED_Init) for OLED_Init
    misc.o(i.OLED_Display_Init) refers to oled.o(i.OLED_ShowImage) for OLED_ShowImage
    misc.o(i.OLED_Display_Init) refers to oled.o(i.OLED_DrawLine) for OLED_DrawLine
    misc.o(i.OLED_Display_Init) refers to oled.o(i.OLED_ShowString) for OLED_ShowString
    misc.o(i.OLED_Display_Init) refers to oled.o(i.OLED_ShowNum) for OLED_ShowNum
    misc.o(i.OLED_Display_Init) refers to oled.o(i.OLED_Update) for OLED_Update
    misc.o(i.OLED_Display_Init) refers to oledfont.o(.constdata) for SRC_LOGO
    misc.o(i.OLED_Display_Init) refers to main.o(.bss) for g_robot
    misc.o(i.Robot_State_Display) refers to oled.o(i.OLED_ClearArea) for OLED_ClearArea
    misc.o(i.Robot_State_Display) refers to f2d.o(x$fpl$f2d) for __aeabi_f2d
    misc.o(i.Robot_State_Display) refers to oled.o(i.OLED_Printf) for OLED_Printf
    misc.o(i.Robot_State_Display) refers to oled.o(i.OLED_Update) for OLED_Update
    misc.o(i.Robot_State_Display) refers to main.o(.bss) for g_robot
    misc.o(i.Robot_State_Display) refers to robot.o(.data) for test_drib_stage
    misc.o(i.V2N) refers to main.o(.bss) for g_robot
    misc.o(i.chip_off) refers to stm32f4xx_hal_tim.o(i.HAL_TIM_PWM_Stop) for HAL_TIM_PWM_Stop
    misc.o(i.chip_off) refers to tim.o(.bss) for htim9
    misc.o(i.chip_on) refers to dflt_clz.o(x$fpl$dfltu) for __aeabi_ui2d
    misc.o(i.chip_on) refers to daddsub_clz.o(x$fpl$dadd) for __aeabi_dadd
    misc.o(i.chip_on) refers to dfix.o(x$fpl$dfix) for __aeabi_d2iz
    misc.o(i.chip_on) refers to stm32f4xx_hal_tim.o(i.HAL_TIM_PWM_Start) for HAL_TIM_PWM_Start
    misc.o(i.chip_on) refers to stm32f4xx_hal_tim.o(i.HAL_TIM_PWM_Stop) for HAL_TIM_PWM_Stop
    misc.o(i.chip_on) refers to tim.o(.bss) for htim9
    misc.o(i.get_bat_v) refers to stm32f4xx_hal_adc.o(i.HAL_ADC_ConfigChannel) for HAL_ADC_ConfigChannel
    misc.o(i.get_bat_v) refers to stm32f4xx_hal_adc.o(i.HAL_ADC_Start) for HAL_ADC_Start
    misc.o(i.get_bat_v) refers to stm32f4xx_hal_adc.o(i.HAL_ADC_PollForConversion) for HAL_ADC_PollForConversion
    misc.o(i.get_bat_v) refers to stm32f4xx_hal_adc.o(i.HAL_ADC_GetValue) for HAL_ADC_GetValue
    misc.o(i.get_bat_v) refers to stm32f4xx_hal_adc.o(i.HAL_ADC_Stop) for HAL_ADC_Stop
    misc.o(i.get_bat_v) refers to adc.o(.bss) for hadc1
    misc.o(i.get_cap_v) refers to stm32f4xx_hal_adc.o(i.HAL_ADC_ConfigChannel) for HAL_ADC_ConfigChannel
    misc.o(i.get_cap_v) refers to stm32f4xx_hal_adc.o(i.HAL_ADC_Start) for HAL_ADC_Start
    misc.o(i.get_cap_v) refers to stm32f4xx_hal_adc.o(i.HAL_ADC_PollForConversion) for HAL_ADC_PollForConversion
[...]
    do_chip                                  0x08006eb1   Thumb Code    24  action.o(i.do_chip)
    do_comm_up                               0x08006ecd   Thumb Code   112  comm.o(i.do_comm_up)
    do_communication                         0x08006f51   Thumb Code    66  comm.o(i.do_communication)
    do_dribbler                              0x08006fa1   Thumb Code    56  action.o(i.do_dribbler)
    do_move                                  0x08006fdd   Thumb Code   346  action.o(i.do_move)
    do_packet_process                        0x08007159   Thumb Code   106  comm.o(i.do_packet_process)
    do_power_monitor                         0x080071d5   Thumb Code   100  robot.o(i.do_power_monitor)
    do_robot_run                             0x0800724d   Thumb Code   704  robot.o(i.do_robot_run)
    do_shoot                                 0x0800752d   Thumb Code    28  action.o(i.do_shoot)
    do_update_motor                          0x0800754d   Thumb Code   252  motor.o(i.do_update_motor)
    fabs                                     0x08007651   Thumb Code    24  fabs.o(i.fabs)
    get_bat_v                                0x08007669   Thumb Code    62  misc.o(i.get_bat_v)
    get_cap_v                                0x080076ad   Thumb Code    60  misc.o(i.get_cap_v)
    get_nRF24L01_packet                      0x080076ed   Thumb Code    56  nrf24l01.o(i.get_nRF24L01_packet)
    get_one_timer                            0x08007729   Thumb Code    16  tim.o(i.get_one_timer)
    get_packet_type                          0x08007739   Thumb Code    48  packet.o(i.get_packet_type)
    get_param_ch_sum                         0x08007769   Thumb Code    28  param.o(i.get_param_ch_sum)
    get_receive_flag                         0x08007785   Thumb Code     6  nrf24l01.o(i.get_receive_flag)
    get_sys_tick                             0x08007791   Thumb Code    12  tim.o(i.get_sys_tick)
    heart_beat                               0x080077a1   Thumb Code    78  misc.o(i.heart_beat)
    heart_led_spi_wr                         0x080077f9   Thumb Code    88  misc.o(i.heart_led_spi_wr)
    high_size_eeprom_rd                      0x08007859   Thumb Code    94  simulate_i2c.o(i.high_size_eeprom_rd)
    high_size_eeprom_wr                      0x080078b7   Thumb Code   152  simulate_i2c.o(i.high_size_eeprom_wr)
    i2c_ack                                  0x08007951   Thumb Code    66  simulate_i2c.o(i.i2c_ack)
    i2c_rec_byte                             0x08007999   Thumb Code   126  simulate_i2c.o(i.i2c_rec_byte)
    i2c_send_byte                            0x08007a1d   Thumb Code    98  simulate_i2c.o(i.i2c_send_byte)
    i2c_sta                                  0x08007a85   Thumb Code    76  simulate_i2c.o(i.i2c_sta)
    i2c_stop                                 0x08007ad5   Thumb Code    60  simulate_i2c.o(i.i2c_stop)
    inc_receive_mode_flag                    0x08007b15   Thumb Code    16  robot.o(i.inc_receive_mode_flag)
    init_Power_Board                         0x08007b29   Thumb Code    10  misc.o(i.init_Power_Board)
    init_comm                                0x08007b39   Thumb Code    46  comm.o(i.init_comm)
    init_def_param                           0x08007b79   Thumb Code    68  param.o(i.init_def_param)
    init_dribbler                            0x08007bbd   Thumb Code    38  misc.o(i.init_dribbler)
    init_gpio                                0x08007bed   Thumb Code   106  gpio.o(i.init_gpio)
    init_motor                               0x08007c69   Thumb Code    46  motor.o(i.init_motor)
    init_nrf24l01                            0x08007c9d   Thumb Code    38  nrf24l01.o(i.init_nrf24l01)
    init_robot                               0x08007ccd   Thumb Code   310  robot.o(i.init_robot)
    init_shooter                             0x08007e21   Thumb Code    14  action.o(i.init_shooter)
    is_i2c_ack                               0x08007e35   Thumb Code    78  simulate_i2c.o(i.is_i2c_ack)
    is_power_low                             0x08007e89   Thumb Code   218  misc.o(i.is_power_low)
    load_param                               0x08007f75   Thumb Code    62  param.o(i.load_param)
    main                                     0x08007fb3   Thumb Code   104  main.o(i.main)
    nrf24l01_init                            0x08008029   Thumb Code   150  nrf24l01.o(i.nrf24l01_init)
    nrf_spi_wr_rd                            0x080080d5   Thumb Code    30  misc.o(i.nrf_spi_wr_rd)
    on_robot_command                         0x080080f9   Thumb Code    60  robot.o(i.on_robot_command)
    osDelay                                  0x08008139   Thumb Code    14  cmsis_os.o(i.osDelay)
    osKernelStart                            0x08008147   Thumb Code    10  cmsis_os.o(i.osKernelStart)
    osThreadCreate                           0x08008151   Thumb Code    84  cmsis_os.o(i.osThreadCreate)
    packet                                   0x080081a5   Thumb Code   392  packet.o(i.packet)
    pid_init                                 0x0800833d   Thumb Code   102  pid.o(i.pid_init)
    pid_reinit                               0x080083c5   Thumb Code    22  pid.o(i.pid_reinit)
    pid_step                                 0x080083e1   Thumb Code   212  pid.o(i.pid_step)
    pvPortMalloc                             0x080088a5   Thumb Code   216  heap_4.o(i.pvPortMalloc)
    pvTaskIncrementMutexHeldCount            0x08008981   Thumb Code    18  tasks.o(i.pvTaskIncrementMutexHeldCount)
    pxPortInitialiseStack                    0x08008999   Thumb Code    40  port.o(i.pxPortInitialiseStack)
    read_dip_sw                              0x080089c5   Thumb Code   248  misc.o(i.read_dip_sw)
    send_nRF24L01_packet                     0x08008ac5   Thumb Code    72  nrf24l01.o(i.send_nRF24L01_packet)
    set_dribbler                             0x08008b15   Thumb Code    32  action.o(i.set_dribbler)
    set_heart_led                            0x08008b3d   Thumb Code    90  misc.o(i.set_heart_led)
    set_motor_break                          0x08008b99   Thumb Code    76  motor.o(i.set_motor_break)
    set_motor_dir                            0x08008be9   Thumb Code    76  motor.o(i.set_motor_dir)
    set_motor_pwm                            0x08008c39   Thumb Code    22  motor.o(i.set_motor_pwm)
    set_receive_flag                         0x08008c55   Thumb Code     8  nrf24l01.o(i.set_receive_flag)
    set_shooter                              0x08008c61   Thumb Code    84  action.o(i.set_shooter)
    set_test_shooter                         0x08008cc1   Thumb Code    24  action.o(i.set_test_shooter)
    shoot_off                                0x08008cdd   Thumb Code    42  misc.o(i.shoot_off)
    shoot_on                                 0x08008d0d   Thumb Code    78  misc.o(i.shoot_on)
    shooter_off                              0x08008d6d   Thumb Code    34  action.o(i.shooter_off)
    start_encoder                            0x08008da5   Thumb Code   118  motor.o(i.start_encoder)
    start_ir_pwm                             0x08008e2d   Thumb Code    20  misc.o(i.start_ir_pwm)
    start_motor                              0x08008e45   Thumb Code    90  motor.o(i.start_motor)
    start_nRF24L01_RX                        0x08008ead   Thumb Code    58  nrf24l01.o(i.start_nRF24L01_RX)
    update_encoder                           0x08008ef1   Thumb Code   260  motor.o(i.update_encoder)
    update_shooter                           0x08009019   Thumb Code    34  action.o(i.update_shooter)
    update_sys_timer                         0x08009041   Thumb Code    18  tim.o(i.update_sys_timer)
    uxListRemove                             0x08009059   Thumb Code    38  list.o(i.uxListRemove)
    vApplicationGetIdleTaskMemory            0x08009081   Thumb Code    16  freertos.o(i.vApplicationGetIdleTaskMemory)
    vListInitialise                          0x08009095   Thumb Code    22  list.o(i.vListInitialise)
    vListInitialiseItem                      0x080090ab   Thumb Code     6  list.o(i.vListInitialiseItem)
    vListInsert                              0x080090b1   Thumb Code    48  list.o(i.vListInsert)
    vListInsertEnd                           0x080090e1   Thumb Code    24  list.o(i.vListInsertEnd)
    vPortEnterCritical                       0x080090f9   Thumb Code    54  port.o(i.vPortEnterCritical)
    vPortExitCritical                        0x08009139   Thumb Code    34  port.o(i.vPortExitCritical)
    vPortFree                                0x08009161   Thumb Code    94  heap_4.o(i.vPortFree)
    vPortSetupTimerInterrupt                 0x080091c5   Thumb Code    32  port.o(i.vPortSetupTimerInterrupt)
    vPortValidateInterruptPriority           0x080091e9   Thumb Code    74  port.o(i.vPortValidateInterruptPriority)
    vTaskDelay                               0x0800923d   Thumb Code    66  tasks.o(i.vTaskDelay)
    vTaskInternalSetTimeOutState             0x08009289   Thumb Code    12  tasks.o(i.vTaskInternalSetTimeOutState)
    vTaskMissedYield                         0x08009299   Thumb Code     8  tasks.o(i.vTaskMissedYield)
    vTaskPlaceOnEventList                    0x080092a5   Thumb Code    44  tasks.o(i.vTaskPlaceOnEventList)
    vTaskPriorityDisinheritAfterTimeout      0x080092d5   Thumb Code   152  tasks.o(i.vTaskPriorityDisinheritAfterTimeout)
    vTaskStartScheduler                      0x08009375   Thumb Code    90  tasks.o(i.vTaskStartScheduler)
    vTaskSuspendAll                          0x080093e1   Thumb Code    10  tasks.o(i.vTaskSuspendAll)
    vTaskSwitchContext                       0x080093f1   Thumb Code    82  tasks.o(i.vTaskSwitchContext)
    wait_100us                               0x0800944d   Thumb Code    22  tim.o(i.wait_100us)
    wait_ms_with_dis_int                     0x08009463   Thumb Code    20  tim.o(i.wait_ms_with_dis_int)
    wait_us                                  0x08009479   Thumb Code    42  tim.o(i.wait_us)
    xPortStartScheduler                      0x080094a9   Thumb Code   222  port.o(i.xPortStartScheduler)
    xQueueGenericCreate                      0x0800959d   Thumb Code    66  queue.o(i.xQueueGenericCreate)
    xQueueGenericReset                       0x080095e1   Thumb Code   132  queue.o(i.xQueueGenericReset)
    xQueueGiveFromISR                        0x08009669   Thumb Code   156  queue.o(i.xQueueGiveFromISR)
    xQueueSemaphoreTake                      0x08009705   Thumb Code   372  queue.o(i.xQueueSemaphoreTake)
    xTaskCheckForTimeOut                     0x0800987d   Thumb Code   112  tasks.o(i.xTaskCheckForTimeOut)
    xTaskCreate                              0x080098f1   Thumb Code    90  tasks.o(i.xTaskCreate)
    xTaskCreateStatic                        0x0800994b   Thumb Code    86  tasks.o(i.xTaskCreateStatic)
    xTaskGetSchedulerState                   0x080099a1   Thumb Code    22  tasks.o(i.xTaskGetSchedulerState)
    xTaskIncrementTick                       0x080099bd   Thumb Code   194  tasks.o(i.xTaskIncrementTick)
    xTaskPriorityInherit                     0x08009a89   Thumb Code   130  tasks.o(i.xTaskPriorityInherit)
    xTaskRemoveFromEventList                 0x08009b15   Thumb Code   108  tasks.o(i.xTaskRemoveFromEventList)
    xTaskResumeAll                           0x08009b89   Thumb Code   182  tasks.o(i.xTaskResumeAll)
    _get_lc_numeric                          0x08009c4d   Thumb Code    44  lc_numeric_c.o(locale$$code)
    _get_lc_ctype                            0x08009c79   Thumb Code    44  lc_ctype_c.o(locale$$code)
    __aeabi_dneg                             0x08009ca5   Thumb Code     0  basic.o(x$fpl$basic)
    _dneg                                    0x08009ca5   Thumb Code     6  basic.o(x$fpl$basic)
    __aeabi_fneg                             0x08009cab   Thumb Code     0  basic.o(x$fpl$basic)
    _fneg                                    0x08009cab   Thumb Code     6  basic.o(x$fpl$basic)
    _dabs                                    0x08009cb1   Thumb Code     6  basic.o(x$fpl$basic)
    _fabs                                    0x08009cb7   Thumb Code     6  basic.o(x$fpl$basic)
    __aeabi_d2f                              0x08009cbd   Thumb Code     0  d2f.o(x$fpl$d2f)
    _d2f                                     0x08009cbd   Thumb Code    98  d2f.o(x$fpl$d2f)
    __aeabi_dadd                             0x08009d21   Thumb Code     0  daddsub_clz.o(x$fpl$dadd)
    _dadd                                    0x08009d21   Thumb Code   332  daddsub_clz.o(x$fpl$dadd)
    __fpl_dcmp_Inf                           0x08009e71   Thumb Code    24  dcmpi.o(x$fpl$dcmpinf)
    __aeabi_ddiv                             0x08009e89   Thumb Code     0  ddiv.o(x$fpl$ddiv)
    _ddiv                                    0x08009e89   Thumb Code   552  ddiv.o(x$fpl$ddiv)
    __aeabi_d2iz                             0x0800a139   Thumb Code     0  dfix.o(x$fpl$dfix)
    _dfix                                    0x0800a139   Thumb Code    94  dfix.o(x$fpl$dfix)
    __aeabi_i2d                              0x0800a197   Thumb Code     0  dflt_clz.o(x$fpl$dflt)
    _dflt                                    0x0800a197   Thumb Code    46  dflt_clz.o(x$fpl$dflt)
    __aeabi_ui2d                             0x0800a1c5   Thumb Code     0  dflt_clz.o(x$fpl$dfltu)
    _dfltu                                   0x0800a1c5   Thumb Code    38  dflt_clz.o(x$fpl$dfltu)
    __aeabi_cdcmple                          0x0800a1ed   Thumb Code     0  dleqf.o(x$fpl$dleqf)
    _dcmple                                  0x0800a1ed   Thumb Code   120  dleqf.o(x$fpl$dleqf)
    __fpl_dcmple_InfNaN                      0x0800a24f   Thumb Code     0  dleqf.o(x$fpl$dleqf)
    __aeabi_dmul                             0x0800a265   Thumb Code     0  dmul.o(x$fpl$dmul)
    _dmul                                    0x0800a265   Thumb Code   332  dmul.o(x$fpl$dmul)
    __fpl_dnaninf                            0x0800a3b9   Thumb Code   156  dnaninf.o(x$fpl$dnaninf)
    __fpl_dretinf                            0x0800a455   Thumb Code    12  dretinf.o(x$fpl$dretinf)
    __aeabi_cdrcmple                         0x0800a461   Thumb Code     0  drleqf.o(x$fpl$drleqf)
    _drcmple                                 0x0800a461   Thumb Code   108  drleqf.o(x$fpl$drleqf)
    __aeabi_drsub                            0x0800a4cd   Thumb Code     0  daddsub_clz.o(x$fpl$drsb)
    _drsb                                    0x0800a4cd   Thumb Code    22  daddsub_clz.o(x$fpl$drsb)
    __aeabi_dsub                             0x0800a4e5   Thumb Code     0  daddsub_clz.o(x$fpl$dsub)
    _dsub                                    0x0800a4e5   Thumb Code   464  daddsub_clz.o(x$fpl$dsub)
    __aeabi_f2d                              0x0800a6b9   Thumb Code     0  f2d.o(x$fpl$f2d)
    _f2d                                     0x0800a6b9   Thumb Code    86  f2d.o(x$fpl$f2d)
    __fpl_fnaninf                            0x0800a70f   Thumb Code   140  fnaninf.o(x$fpl$fnaninf)
    _fp_init                                 0x0800a79b   Thumb Code    10  fpinit.o(x$fpl$fpinit)
    __fplib_config_fpu_vfp                   0x0800a7a3   Thumb Code     0  fpinit.o(x$fpl$fpinit)
    __fplib_config_pureend_doubles           0x0800a7a3   Thumb Code     0  fpinit.o(x$fpl$fpinit)
    __fpl_fretinf                            0x0800a7a5   Thumb Code    10  fretinf.o(x$fpl$fretinf)
    _printf_fp_dec                           0x0800a7af   Thumb Code     4  printf1.o(x$fpl$printf1)
    _printf_fp_hex                           0x0800a7b3   Thumb Code     4  printf2.o(x$fpl$printf2)
    __I$use$fp                               0x0800a7b6   Number         0  usenofp.o(x$fpl$usenofp)
    AHBPrescTable                            0x0800a7d8   Data          16  system_stm32f4xx.o(.constdata)
    APBPrescTable                            0x0800a7e8   Data           8  system_stm32f4xx.o(.constdata)
    OLED_F8x16                               0x0800a7f0   Data        1520  oledfont.o(.constdata)
    OLED_F6x8                                0x0800ade0   Data         570  oledfont.o(.constdata)
    SRC_LOGO                                 0x0800b01a   Data         768  oledfont.o(.constdata)
    Region$$Table$$Base                      0x0800b610   Number         0  anon$$obj.o(Region$$Table)
    Region$$Table$$Limit                     0x0800b630   Number         0  anon$$obj.o(Region$$Table)
    __ctype                                  0x0800b659   Data           0  lc_ctype_c.o(locale$$data)
    frequency                                0x20000014   Data           4  misc.o(.data)
    identify_success                         0x20000018   Data           1  packet.o(.data)
    packet_flag                              0x20000019   Data           1  packet.o(.data)
    identify_buf_ptr                         0x2000003c   Data           4  packet.o(.data)
    shooter                                  0x20000040   Data           1  action.o(.data)
    is_low_power_cnt                         0x2000004c   Data           1  robot.o(.data)
    g_do_set_receive_mode_flag               0x2000004d   Data           1  robot.o(.data)
    g_set_receive_mode_flag                  0x2000004e   Data           1  robot.o(.data)
    forcestopcounter                         0x20000050   Data           4  robot.o(.data)
    test_drib_speed                          0x20000054   Data           4  robot.o(.data)
    test_drib_stage                          0x20000058   Data           4  robot.o(.data)
    wheel_reduction_ratio                    0x20000060   Data           4  robot.o(.data)
    max_shot_strength_set                    0x20000064   Data           4  robot.o(.data)
    encrpty_cpuid                            0x20000068   Data           8  robot.o(.data)
    is_motor_run                             0x20000070   Data           1  motor.o(.data)
    encoder_tab                              0x20000078   Data          16  motor.o(.data)
    SystemCoreClock                          0x20000088   Data           4  system_stm32f4xx.o(.data)
    packet_cnt                               0x2000008c   Data           1  comm.o(.data)
    type                                     0x2000008d   Data           1  comm.o(.data)
    receive_flag                             0x20000094   Data           4  nrf24l01.o(.data)
    xMotorTickSem                            0x200000a0   Data           4  freertos.o(.data)
    MotorUpdateHandle                        0x200000a4   Data           4  freertos.o(.data)
    CommunicationHandle                      0x200000a8   Data           4  freertos.o(.data)
    StatesUpdateHandle                       0x200000ac   Data           4  freertos.o(.data)
    DisplayStateHandle                       0x200000b0   Data           4  freertos.o(.data)
    IdleHandle                               0x200000b4   Data           4  freertos.o(.data)
    power_mon_timer                          0x200000b8   Data           8  freertos.o(.data)
    heart_led_timer                          0x200000c0   Data           8  freertos.o(.data)
    rf_comm_tim                              0x200000c8   Data           8  freertos.o(.data)
    identify_cpuid_tim                       0x200000d0   Data           8  freertos.o(.data)
    shoot_interval_timer                     0x200000d8   Data           8  freertos.o(.data)
    sys_tick                                 0x200000e0   Data           8  tim.o(.data)
    uwTickFreq                               0x200000e8   Data           1  stm32f4xx_hal.o(.data)
    uwTickPrio                               0x200000ec   Data           4  stm32f4xx_hal.o(.data)
    uwTick                                   0x200000f0   Data           4  stm32f4xx_hal.o(.data)
    pxCurrentTCB                             0x200000f4   Data           4  tasks.o(.data)
    g_shooter                                0x20000170   Data          16  action.o(.bss)
    identify_data                            0x20000180   Data         260  comm.o(.bss)
    g_rf_comm                                0x2000029c   Data          32  comm.o(.bss)
    src_robot_packet                         0x200002bc   Data          28  comm.o(.bss)
    nRF24L01_dev                             0x200002d8   Data         280  nrf24l01.o(.bss)
    OLED_DisplayBuf                          0x200003f0   Data        1024  oled.o(.bss)
    g_robot                                  0x200007f0   Data        8488  main.o(.bss)
    hadc1                                    0x20002b6c   Data          72  adc.o(.bss)
    hi2c2                                    0x20002bb4   Data          84  i2c.o(.bss)
    hspi3                                    0x20002c08   Data          88  spi.o(.bss)
    htim1                                    0x20002c60   Data          72  tim.o(.bss)
    htim2                                    0x20002ca8   Data          72  tim.o(.bss)
    htim3                                    0x20002cf0   Data          72  tim.o(.bss)
    htim4                                    0x20002d38   Data          72  tim.o(.bss)
    htim5                                    0x20002d80   Data          72  tim.o(.bss)
    htim6                                    0x20002dc8   Data          72  tim.o(.bss)
    htim7                                    0x20002e10   Data          72  tim.o(.bss)
    htim9                                    0x20002e58   Data          72  tim.o(.bss)
    htim10                                   0x20002ea0   Data          72  tim.o(.bss)
    htim11                                   0x20002ee8   Data          72  tim.o(.bss)
    htim12                                   0x20002f30   Data          72  tim.o(.bss)
    huart1                                   0x20002f78   Data          72  usart.o(.bss)
    htim14                                   0x20002fc0   Data          72  stm32f4xx_hal_timebase_tim.o(.bss)
    __libspace_start                         0x20006cf8   Data          96  libspace.o(.bss)
    __temporary_stack_top$libspace           0x20006d58   Data           0  libspace.o(.bss)



==============================================================================

Memory Map of the image

  Image Entry point : 0x08000189

  Load Region LR_IROM1 (Base: 0x08000000, Size: 0x0000b8b8, Max: 0x00080000, ABSOLUTE, COMPRESSED[0x0000b780])

    Execution Region ER_IROM1 (Exec base: 0x08000000, Load base: 0x08000000, Size: 0x0000b75c, Max: 0x00080000, ABSOLUTE)

    Exec Addr    Load Addr    Size         Type   Attr      Idx    E Section Name        Object

    0x08000000   0x08000000   0x00000188   Data   RO            3    RESET               startup_stm32f407xx.o
    0x08000188   0x08000188   0x00000008   Code   RO         7075  * !!!main             c_w.l(__main.o)
    0x08000190   0x08000190   0x00000034   Code   RO         7613    !!!scatter          c_w.l(__scatter.o)
    0x080001c4   0x080001c4   0x0000005a   Code   RO         7611    !!dczerorl2         c_w.l(__dczerorl2.o)
    0x0800021e   0x0800021e   0x00000002   PAD
    0x08000220   0x08000220   0x0000001c   Code   RO         7615    !!handler_zi        c_w.l(__scatter_zi.o)
    0x0800023c   0x0800023c   0x00000000   Code   RO         7286    .ARM.Collect$$_printf_percent$$00000000  c_w.l(_printf_percent.o)
    0x0800023c   0x0800023c   0x00000006   Code   RO         7275    .ARM.Collect$$_printf_percent$$00000001  c_w.l(_printf_n.o)
    0x08000242   0x08000242   0x00000006   Code   RO         7277    .ARM.Collect$$_printf_percent$$00000002  c_w.l(_printf_p.o)
    0x08000248   0x08000248   0x00000006   Code   RO         7282    .ARM.Collect$$_printf_percent$$00000003  c_w.l(_printf_f.o)
    0x0800024e   0x0800024e   0x00000006   Code   RO         7283    .ARM.Collect$$_printf_percent$$00000004  c_w.l(_printf_e.o)
    0x08000254   0x08000254   0x00000006   Code   RO         7284    .ARM.Collect$$_printf_percent$$00000005  c_w.l(_printf_g.o)
    0x0800025a   0x0800025a   0x00000006   Code   RO         7285    .ARM.Collect$$_printf_percent$$00000006  c_w.l(_printf_a.o)
    0x08000260   0x08000260   0x0000000a   Code   RO         7290    .ARM.Collect$$_printf_percent$$00000007  c_w.l(_printf_ll.o)
    0x0800026a   0x0800026a   0x00000006   Code   RO         7279    .ARM.Collect$$_printf_percent$$00000008  c_w.l(_printf_i.o)
    0x08000270   0x08000270   0x00000006   Code   RO         7280    .ARM.Collect$$_printf_percent$$00000009  c_w.l(_printf_d.o)
    0x08000276   0x08000276   0x00000006   Code   RO         7281    .ARM.Collect$$_printf_percent$$0000000A  c_w.l(_printf_u.o)
    0x0800027c   0x0800027c   0x00000006   Code   RO         7278    .ARM.Collect$$_printf_percent$$0000000B  c_w.l(_printf_o.o)
    0x08000282   0x08000282   0x00000006   Code   RO         7276    .ARM.Collect$$_printf_percent$$0000000C  c_w.l(_printf_x.o)
    0x08000288   0x08000288   0x00000006   Code   RO         7287    .ARM.Collect$$_printf_percent$$0000000D  c_w.l(_printf_lli.o)
    0x0800028e   0x0800028e   0x00000006   Code   RO         7288    .ARM.Collect$$_printf_percent$$0000000E  c_w.l(_printf_lld.o)
    0x08000294   0x08000294   0x00000006   Code   RO         7289    .ARM.Collect$$_printf_percent$$0000000F  c_w.l(_printf_llu.o)
    0x0800029a   0x0800029a   0x00000006   Code   RO         7294    .ARM.Collect$$_printf_percent$$00000010  c_w.l(_printf_llo.o)
    0x080002a0   0x080002a0   0x00000006   Code   RO         7295    .ARM.Collect$$_printf_percent$$00000011  c_w.l(_printf_llx.o)
    0x080002a6   0x080002a6   0x0000000a   Code   RO         7291    .ARM.Collect$$_printf_percent$$00000012  c_w.l(_printf_l.o)
    0x080002b0   0x080002b0   0x00000006   Code   RO         7273    .ARM.Collect$$_printf_percent$$00000013  c_w.l(_printf_c.o)
    0x080002b6   0x080002b6   0x00000006   Code   RO         7274    .ARM.Collect$$_printf_percent$$00000014  c_w.l(_printf_s.o)
    0x080002bc   0x080002bc   0x00000006   Code   RO         7292    .ARM.Collect$$_printf_percent$$00000015  c_w.l(_printf_lc.o)
    0x080002c2   0x080002c2   0x00000006   Code   RO         7293    .ARM.Collect$$_printf_percent$$00000016  c_w.l(_printf_ls.o)
    0x080002c8   0x080002c8   0x00000004   Code   RO         7463    .ARM.Collect$$_printf_percent$$00000017  c_w.l(_printf_percent_end.o)
    0x080002cc   0x080002cc   0x00000002   Code   RO         7546    .ARM.Collect$$libinit$$00000000  c_w.l(libinit.o)
    0x080002ce   0x080002ce   0x00000004   Code   RO         7298    .ARM.Collect$$libinit$$00000001  c_w.l(libinit2.o)
    0x080002d2   0x080002d2   0x00000000   Code   RO         7301    .ARM.Collect$$libinit$$00000004  c_w.l(libinit2.o)
    0x080002d2   0x080002d2   0x00000008   Code   RO         7302    .ARM.Collect$$libinit$$00000005  c_w.l(libinit2.o)
    0x080002da   0x080002da   0x00000000   Code   RO         7304    .ARM.Collect$$libinit$$0000000A  c_w.l(libinit2.o)
    0x080002da   0x080002da   0x00000000   Code   RO         7306    .ARM.Collect$$libinit$$0000000C  c_w.l(libinit2.o)
    0x080002da   0x080002da   0x00000000   Code   RO         7308    .ARM.Collect$$libinit$$0000000E  c_w.l(libinit2.o)
    0x080002da   0x080002da   0x00000006   Code   RO         7309    .ARM.Collect$$libinit$$0000000F  c_w.l(libinit2.o)
    0x080002e0   0x080002e0   0x00000000   Code   RO         7311    .ARM.Collect$$libinit$$00000011  c_w.l(libinit2.o)
    0x080002e0   0x080002e0   0x0000000c   Code   RO         7312    .ARM.Collect$$libinit$$00000012  c_w.l(libinit2.o)
    0x080002ec   0x080002ec   0x00000000   Code   RO         7313    .ARM.Collect$$libinit$$00000013  c_w.l(libinit2.o)
    0x080002ec   0x080002ec   0x00000000   Code   RO         7315    .ARM.Collect$$libinit$$00000015  c_w.l(libinit2.o)
    0x080002ec   0x080002ec   0x0000000a   Code   RO         7316    .ARM.Collect$$libinit$$00000016  c_w.l(libinit2.o)
    0x080002f6   0x080002f6   0x00000000   Code   RO         7317    .ARM.Collect$$libinit$$00000017  c_w.l(libinit2.o)
    0x080002f6   0x080002f6   0x00000000   Code   RO         7319    .ARM.Collect$$libinit$$00000019  c_w.l(libinit2.o)
    0x080002f6   0x080002f6   0x00000000   Code   RO         7321    .ARM.Collect$$libinit$$0000001B  c_w.l(libinit2.o)
    0x080002f6   0x080002f6   0x00000000   Code   RO         7323    .ARM.Collect$$libinit$$0000001D  c_w.l(libinit2.o)
    0x080002f6   0x080002f6   0x00000000   Code   RO         7325    .ARM.Collect$$libinit$$0000001F  c_w.l(libinit2.o)
    0x080002f6   0x080002f6   0x00000000   Code   RO         7327    .ARM.Collect$$libinit$$00000021  c_w.l(libinit2.o)
    0x080002f6   0x080002f6   0x00000000   Code   RO         7329    .ARM.Collect$$libinit$$00000023  c_w.l(libinit2.o)
    0x080002f6   0x080002f6   0x00000000   Code   RO         7331    .ARM.Collect$$libinit$$00000025  c_w.l(libinit2.o)
    0x080002f6   0x080002f6   0x00000000   Code   RO         7335    .ARM.Collect$$libinit$$0000002C  c_w.l(libinit2.o)
    0x080002f6   0x080002f6   0x00000000   Code   RO         7337    .ARM.Collect$$libinit$$0000002E  c_w.l(libinit2.o)
    0x080002f6   0x080002f6   0x00000000   Code   RO         7339    .ARM.Collect$$libinit$$00000030  c_w.l(libinit2.o)
    0x080002f6   0x080002f6   0x00000000   Code   RO         7341    .ARM.Collect$$libinit$$00000032  c_w.l(libinit2.o)
    0x080002f6   0x080002f6   0x00000002   Code   RO         7342    .ARM.Collect$$libinit$$00000033  c_w.l(libinit2.o)
    0x080002f8   0x080002f8   0x00000002   Code   RO         7608    .ARM.Collect$$libshutdown$$00000000  c_w.l(libshutdown.o)
    0x080002fa   0x080002fa   0x00000000   Code   RO         7568    .ARM.Collect$$libshutdown$$00000003  c_w.l(libshutdown2.o)
    0x080002fa   0x080002fa   0x00000000   Code   RO         7571    .ARM.Collect$$libshutdown$$00000006  c_w.l(libshutdown2.o)
    0x080002fa   0x080002fa   0x00000000   Code   RO         7574    .ARM.Collect$$libshutdown$$00000009  c_w.l(libshutdown2.o)
    0x080002fa   0x080002fa   0x00000000   Code   RO         7576    .ARM.Collect$$libshutdown$$0000000B  c_w.l(libshutdown2.o)
    0x080002fa   0x080002fa   0x00000000   Code   RO         7579    .ARM.Collect$$libshutdown$$0000000E  c_w.l(libshutdown2.o)
    0x080002fa   0x080002fa   0x00000002   Code   RO         7580    .ARM.Collect$$libshutdown$$0000000F  c_w.l(libshutdown2.o)
    0x080002fc   0x080002fc   0x00000000   Code   RO         7173    .ARM.Collect$$rtentry$$00000000  c_w.l(__rtentry.o)
    0x080002fc   0x080002fc   0x00000000   Code   RO         7419    .ARM.Collect$$rtentry$$00000002  c_w.l(__rtentry2.o)
    0x080002fc   0x080002fc   0x00000006   Code   RO         7431    .ARM.Collect$$rtentry$$00000004  c_w.l(__rtentry4.o)
    0x08000302   0x08000302   0x00000000   Code   RO         7421    .ARM.Collect$$rtentry$$00000009  c_w.l(__rtentry2.o)
    0x08000302   0x08000302   0x00000004   Code   RO         7422    .ARM.Collect$$rtentry$$0000000A  c_w.l(__rtentry2.o)
    0x08000306   0x08000306   0x00000000   Code   RO         7424    .ARM.Collect$$rtentry$$0000000C  c_w.l(__rtentry2.o)
    0x08000306   0x08000306   0x00000008   Code   RO         7425    .ARM.Collect$$rtentry$$0000000D  c_w.l(__rtentry2.o)
    0x0800030e   0x0800030e   0x00000002   Code   RO         7551    .ARM.Collect$$rtexit$$00000000  c_w.l(rtexit.o)
    0x08000310   0x08000310   0x00000000   Code   RO         7584    .ARM.Collect$$rtexit$$00000002  c_w.l(rtexit2.o)
    0x08000310   0x08000310   0x00000004   Code   RO         7585    .ARM.Collect$$rtexit$$00000003  c_w.l(rtexit2.o)
    0x08000314   0x08000314   0x00000006   Code   RO         7586    .ARM.Collect$$rtexit$$00000004  c_w.l(rtexit2.o)
    0x0800031a   0x0800031a   0x00000002   PAD
    0x0800031c   0x0800031c   0x000000be   Code   RO         6916    .emb_text           port.o
    0x080003da   0x080003da   0x00000002   PAD
    0x080003dc   0x080003dc   0x00000000   Code   RO         7442    .emb_text           c_w.l(maybetermalloc1.o)
    0x080003dc   0x080003dc   0x00000040   Code   RO            4    .text               startup_stm32f407xx.o
    0x0800041c   0x0800041c   0x0000005e   Code   RO         6999    .text               c_w.l(h1_alloc.o)
    0x0800047a   0x0800047a   0x0000004e   Code   RO         7001    .text               c_w.l(h1_free.o)
    0x080004c8   0x080004c8   0x000000ee   Code   RO         7057    .text               c_w.l(lludivv7m.o)
    0x080005b6   0x080005b6   0x00000002   PAD
    0x080005b8   0x080005b8   0x00000024   Code   RO         7059    .text               c_w.l(vsprintf.o)
    0x080005dc   0x080005dc   0x00000064   Code   RO         7063    .text               c_w.l(rt_memcpy_w.o)
    0x08000640   0x08000640   0x00000044   Code   RO         7067    .text               c_w.l(rt_memclr.o)
    0x08000684   0x08000684   0x0000004e   Code   RO         7069    .text               c_w.l(rt_memclr_w.o)
    0x080006d2   0x080006d2   0x00000002   PAD
    0x080006d4   0x080006d4   0x00000080   Code   RO         7071    .text               c_w.l(strcmpv7m.o)
    0x08000754   0x08000754   0x00000006   Code   RO         7073    .text               c_w.l(heapauxi.o)
    0x0800075a   0x0800075a   0x00000002   PAD
    0x0800075c   0x0800075c   0x00000008   Code   RO         7181    .text               c_w.l(rt_heap_descriptor_intlibspace.o)
    0x08000764   0x08000764   0x00000004   Code   RO         7183    .text               c_w.l(hguard.o)
    0x08000768   0x08000768   0x0000008a   Code   RO         7185    .text               c_w.l(init_alloc.o)
    0x080007f2   0x080007f2   0x0000000e   Code   RO         7189    .text               c_w.l(h1_init.o)
    0x08000800   0x08000800   0x00000016   Code   RO         7203    .text               c_w.l(_rserrno.o)
    0x08000816   0x08000816   0x0000004e   Code   RO         7207    .text               c_w.l(_printf_pad.o)
    0x08000864   0x08000864   0x00000024   Code   RO         7209    .text               c_w.l(_printf_truncate.o)
    0x08000888   0x08000888   0x00000052   Code   RO         7211    .text               c_w.l(_printf_str.o)
    0x080008da   0x080008da   0x00000002   PAD
    0x080008dc   0x080008dc   0x00000078   Code   RO         7213    .text               c_w.l(_printf_dec.o)
    0x08000954   0x08000954   0x00000028   Code   RO         7215    .text               c_w.l(_printf_charcount.o)
    0x0800097c   0x0800097c   0x00000030   Code   RO         7217    .text               c_w.l(_printf_char_common.o)
    0x080009ac   0x080009ac   0x0000000a   Code   RO         7219    .text               c_w.l(_sputc.o)
    0x080009b6   0x080009b6   0x00000002   PAD
    0x080009b8   0x080009b8   0x000000bc   Code   RO         7221    .text               c_w.l(_printf_wctomb.o)
    0x08000a74   0x08000a74   0x0000007c   Code   RO         7224    .text               c_w.l(_printf_longlong_dec.o)
    0x08000af0   0x08000af0   0x00000070   Code   RO         7230    .text               c_w.l(_printf_oct_int_ll.o)
    0x08000b60   0x08000b60   0x00000094   Code   RO         7250    .text               c_w.l(_printf_hex_int_ll_ptr.o)
    0x08000bf4   0x08000bf4   0x00000188   Code   RO         7270    .text               c_w.l(__printf_flags_ss_wp.o)
    0x08000d7c   0x08000d7c   0x00000008   Code   RO         7415    .text               c_w.l(libspace.o)
    0x08000d84   0x08000d84   0x00000008   Code   RO         7438    .text               c_w.l(rt_errno_addr_intlibspace.o)
    0x08000d8c   0x08000d8c   0x00000034   Code   RO         7444    .text               c_w.l(h1_extend.o)
    0x08000dc0   0x08000dc0   0x0000008a   Code   RO         7448    .text               c_w.l(lludiv10.o)
    0x08000e4a   0x08000e4a   0x000000b2   Code   RO         7450    .text               c_w.l(_printf_intcommon.o)
    0x08000efc   0x08000efc   0x0000041a   Code   RO         7452    .text               c_w.l(_printf_fp_dec.o)
    0x08001316   0x08001316   0x00000002   PAD
    0x08001318   0x08001318   0x000002fc   Code   RO         7454    .text               c_w.l(_printf_fp_hex.o)
    0x08001614   0x08001614   0x0000002c   Code   RO         7459    .text               c_w.l(_printf_char.o)
    0x08001640   0x08001640   0x0000002c   Code   RO         7461    .text               c_w.l(_printf_wchar.o)
    0x0800166c   0x0800166c   0x00000040   Code   RO         7464    .text               c_w.l(_wcrtomb.o)
    0x080016ac   0x080016ac   0x0000000e   Code   RO         7466    .text               c_w.l(defsig_rtmem_outer.o)
    0x080016ba   0x080016ba   0x00000002   Code   RO         7481    .text               c_w.l(use_no_semi.o)
    0x080016bc   0x080016bc   0x00000000   Code   RO         7483    .text               c_w.l(indicate_semi.o)
    0x080016bc   0x080016bc   0x0000004a   Code   RO         7484    .text               c_w.l(sys_stackheap_outer.o)
    0x08001706   0x08001706   0x00000002   PAD
    0x08001708   0x08001708   0x00000010   Code   RO         7486    .text               c_w.l(rt_ctype_table.o)
    0x08001718   0x08001718   0x00000008   Code   RO         7493    .text               c_w.l(rt_locale_intlibspace.o)
    0x08001720   0x08001720   0x00000080   Code   RO         7497    .text               c_w.l(_printf_fp_infnan.o)
    0x080017a0   0x080017a0   0x000000dc   Code   RO         7499    .text               c_w.l(bigflt0.o)
    0x0800187c   0x0800187c   0x0000000c   Code   RO         7527    .text               c_w.l(exit.o)
    0x08001888   0x08001888   0x0000000a   Code   RO         7529    .text               c_w.l(defsig_exit.o)
    0x08001892   0x08001892   0x00000002   PAD
    0x08001894   0x08001894   0x00000050   Code   RO         7535    .text               c_w.l(defsig_rtmem_inner.o)
    0x080018e4   0x080018e4   0x0000000c   Code   RO         7549    .text               c_w.l(sys_exit.o)
    0x080018f0   0x080018f0   0x00000032   Code   RO         7562    .text               c_w.l(defsig_general.o)
    0x08001922   0x08001922   0x0000000e   Code   RO         7581    .text               c_w.l(sys_wrch.o)
    0x08001930   0x08001930   0x0000003e   Code   RO         7502    CL$$btod_d2e        c_w.l(btod.o)
    0x0800196e   0x0800196e   0x00000046   Code   RO         7504    CL$$btod_d2e_denorm_low  c_w.l(btod.o)
    0x080019b4   0x080019b4   0x00000060   Code   RO         7503    CL$$btod_d2e_norm_op1  c_w.l(btod.o)
    0x08001a14   0x08001a14   0x00000338   Code   RO         7512    CL$$btod_div_common  c_w.l(btod.o)
    0x08001d4c   0x08001d4c   0x000000c6   Code   RO         7509    CL$$btod_e2e        c_w.l(btod.o)
    0x08001e12   0x08001e12   0x00000028   Code   RO         7506    CL$$btod_ediv       c_w.l(btod.o)
    0x08001e3a   0x08001e3a   0x00000028   Code   RO         7505    CL$$btod_emul       c_w.l(btod.o)
    0x08001e62   0x08001e62   0x00000244   Code   RO         7511    CL$$btod_mult_common  c_w.l(btod.o)
    0x080020a6   0x080020a6   0x00000002   PAD
    0x080020a8   0x080020a8   0x00000128   Code   RO         2176    i.ADC_Init          stm32f4xx_hal_adc.o
    0x080021d0   0x080021d0   0x00000002   Code   RO         2040    i.BusFault_Handler  stm32f4xx_it.o
    0x080021d2   0x080021d2   0x00000002   PAD
    0x080021d4   0x080021d4   0x00000034   Code   RO           13    i.Communication_Success  misc.o
    0x08002208   0x08002208   0x00000002   Code   RO         2041    i.DebugMon_Handler  stm32f4xx_it.o
    0x0800220a   0x0800220a   0x00000002   PAD
    0x0800220c   0x0800220c   0x0000003c   Code   RO          547    i.Debug_Here        robot.o
    0x08002248   0x08002248   0x000000c0   Code   RO         1622    i.Do_Comm           freertos.o
    0x08002308   0x08002308   0x00000008   Code   RO         1623    i.Do_Default        freertos.o
    0x08002310   0x08002310   0x00000010   Code   RO         1624    i.Do_Display        freertos.o
    0x08002320   0x08002320   0x00000004   Code   RO         1535    i.Error_Handler     main.o
    0x08002324   0x08002324   0x0000014c   Code   RO         2178    i.HAL_ADC_ConfigChannel  stm32f4xx_hal_adc.o
    0x08002470   0x08002470   0x00000006   Code   RO         2185    i.HAL_ADC_GetValue  stm32f4xx_hal_adc.o
    0x08002476   0x08002476   0x00000054   Code   RO         2187    i.HAL_ADC_Init      stm32f4xx_hal_adc.o
    0x080024ca   0x080024ca   0x00000002   PAD
    0x080024cc   0x080024cc   0x00000060   Code   RO         1698    i.HAL_ADC_MspInit   adc.o
    0x0800252c   0x0800252c   0x000000aa   Code   RO         2191    i.HAL_ADC_PollForConversion  stm32f4xx_hal_adc.o
    0x080025d6   0x080025d6   0x00000002   PAD
    0x080025d8   0x080025d8   0x000000fc   Code   RO         2193    i.HAL_ADC_Start     stm32f4xx_hal_adc.o
    0x080026d4   0x080026d4   0x0000003c   Code   RO         2196    i.HAL_ADC_Stop      stm32f4xx_hal_adc.o
    0x08002710   0x08002710   0x000001f0   Code   RO         2806    i.HAL_GPIO_Init     stm32f4xx_hal_gpio.o
    0x08002900   0x08002900   0x0000000a   Code   RO         2808    i.HAL_GPIO_ReadPin  stm32f4xx_hal_gpio.o
    0x0800290a   0x0800290a   0x0000000a   Code   RO         2810    i.HAL_GPIO_WritePin  stm32f4xx_hal_gpio.o
    0x08002914   0x08002914   0x0000000c   Code   RO         3356    i.HAL_GetTick       stm32f4xx_hal.o
    0x08002920   0x08002920   0x00000188   Code   RO         3612    i.HAL_I2C_Init      stm32f4xx_hal_i2c.o
    0x08002aa8   0x08002aa8   0x0000012c   Code   RO         3625    i.HAL_I2C_Master_Transmit  stm32f4xx_hal_i2c.o
    0x08002bd4   0x08002bd4   0x00000080   Code   RO         1740    i.HAL_I2C_MspInit   i2c.o
    0x08002c54   0x08002c54   0x00000010   Code   RO         3362    i.HAL_IncTick       stm32f4xx_hal.o
    0x08002c64   0x08002c64   0x00000034   Code   RO         3363    i.HAL_Init          stm32f4xx_hal.o
    0x08002c98   0x08002c98   0x00000098   Code   RO         2134    i.HAL_InitTick      stm32f4xx_hal_timebase_tim.o
    0x08002d30   0x08002d30   0x00000038   Code   RO         2110    i.HAL_MspInit       stm32f4xx_hal_msp.o
    0x08002d68   0x08002d68   0x0000001a   Code   RO         3198    i.HAL_NVIC_EnableIRQ  stm32f4xx_hal_cortex.o
    0x08002d82   0x08002d82   0x00000002   PAD
    0x08002d84   0x08002d84   0x00000040   Code   RO         3204    i.HAL_NVIC_SetPriority  stm32f4xx_hal_cortex.o
    0x08002dc4   0x08002dc4   0x00000024   Code   RO         3205    i.HAL_NVIC_SetPriorityGrouping  stm32f4xx_hal_cortex.o
    0x08002de8   0x08002de8   0x00000134   Code   RO         2452    i.HAL_RCC_ClockConfig  stm32f4xx_hal_rcc.o
    0x08002f1c   0x08002f1c   0x00000040   Code   RO         2456    i.HAL_RCC_GetClockConfig  stm32f4xx_hal_rcc.o
    0x08002f5c   0x08002f5c   0x00000020   Code   RO         2459    i.HAL_RCC_GetPCLK1Freq  stm32f4xx_hal_rcc.o
    0x08002f7c   0x08002f7c   0x00000020   Code   RO         2460    i.HAL_RCC_GetPCLK2Freq  stm32f4xx_hal_rcc.o
    0x08002f9c   0x08002f9c   0x00000064   Code   RO         2461    i.HAL_RCC_GetSysClockFreq  stm32f4xx_hal_rcc.o
    0x08003000   0x08003000   0x0000036c   Code   RO         2464    i.HAL_RCC_OscConfig  stm32f4xx_hal_rcc.o
    0x0800336c   0x0800336c   0x000000bc   Code   RO         4067    i.HAL_SPI_Init      stm32f4xx_hal_spi.o
    0x08003428   0x08003428   0x0000006c   Code   RO         1782    i.HAL_SPI_MspInit   spi.o
    0x08003494   0x08003494   0x000001f0   Code   RO         4076    i.HAL_SPI_TransmitReceive  stm32f4xx_hal_spi.o
    0x08003684   0x08003684   0x00000002   Code   RO         5084    i.HAL_TIMEx_BreakCallback  stm32f4xx_hal_tim_ex.o
    0x08003686   0x08003686   0x00000002   Code   RO         5085    i.HAL_TIMEx_CommutCallback  stm32f4xx_hal_tim_ex.o
    0x08003688   0x08003688   0x00000054   Code   RO         5087    i.HAL_TIMEx_ConfigBreakDeadTime  stm32f4xx_hal_tim_ex.o
    0x080036dc   0x080036dc   0x00000090   Code   RO         5103    i.HAL_TIMEx_MasterConfigSynchronization  stm32f4xx_hal_tim_ex.o
    0x0800376c   0x0800376c   0x0000005a   Code   RO         4380    i.HAL_TIM_Base_Init  stm32f4xx_hal_tim.o
    0x080037c6   0x080037c6   0x00000002   PAD
    0x080037c8   0x080037c8   0x000000ac   Code   RO         1824    i.HAL_TIM_Base_MspInit  tim.o
    0x08003874   0x08003874   0x00000080   Code   RO         4385    i.HAL_TIM_Base_Start_IT  stm32f4xx_hal_tim.o
    0x080038f4   0x080038f4   0x000000dc   Code   RO         4389    i.HAL_TIM_ConfigClockSource  stm32f4xx_hal_tim.o
    0x080039d0   0x080039d0   0x000000a4   Code   RO         4401    i.HAL_TIM_Encoder_Init  stm32f4xx_hal_tim.o
    0x08003a74   0x08003a74   0x00000148   Code   RO         1826    i.HAL_TIM_Encoder_MspInit  tim.o
    0x08003bbc   0x08003bbc   0x0000008e   Code   RO         4404    i.HAL_TIM_Encoder_Start  stm32f4xx_hal_tim.o
    0x08003c4a   0x08003c4a   0x00000002   Code   RO         4414    i.HAL_TIM_IC_CaptureCallback  stm32f4xx_hal_tim.o
    0x08003c4c   0x08003c4c   0x00000130   Code   RO         4428    i.HAL_TIM_IRQHandler  stm32f4xx_hal_tim.o
    0x08003d7c   0x08003d7c   0x000000d4   Code   RO         1827    i.HAL_TIM_MspPostInit  tim.o
    0x08003e50   0x08003e50   0x00000002   Code   RO         4431    i.HAL_TIM_OC_DelayElapsedCallback  stm32f4xx_hal_tim.o
    0x08003e52   0x08003e52   0x00000056   Code   RO         4445    i.HAL_TIM_OnePulse_Init  stm32f4xx_hal_tim.o
    0x08003ea8   0x08003ea8   0x00000002   Code   RO         4447    i.HAL_TIM_OnePulse_MspInit  stm32f4xx_hal_tim.o
    0x08003eaa   0x08003eaa   0x000000cc   Code   RO         4452    i.HAL_TIM_PWM_ConfigChannel  stm32f4xx_hal_tim.o
    0x08003f76   0x08003f76   0x0000005a   Code   RO         4455    i.HAL_TIM_PWM_Init  stm32f4xx_hal_tim.o
    0x08003fd0   0x08003fd0   0x00000028   Code   RO         1829    i.HAL_TIM_PWM_MspInit  tim.o
    0x08003ff8   0x08003ff8   0x00000002   Code   RO         4458    i.HAL_TIM_PWM_PulseFinishedCallback  stm32f4xx_hal_tim.o
    0x08003ffa   0x08003ffa   0x00000002   PAD
    0x08003ffc   0x08003ffc   0x000000c8   Code   RO         4460    i.HAL_TIM_PWM_Start  stm32f4xx_hal_tim.o
    0x080040c4   0x080040c4   0x0000007c   Code   RO         4463    i.HAL_TIM_PWM_Stop  stm32f4xx_hal_tim.o
    0x08004140   0x08004140   0x0000008c   Code   RO         1536    i.HAL_TIM_PeriodElapsedCallback  main.o
    0x080041cc   0x080041cc   0x00000002   Code   RO         4471    i.HAL_TIM_TriggerCallback  stm32f4xx_hal_tim.o
    0x080041ce   0x080041ce   0x00000064   Code   RO         5381    i.HAL_UART_Init     stm32f4xx_hal_uart.o
    0x08004232   0x08004232   0x00000002   PAD
    0x08004234   0x08004234   0x0000006c   Code   RO         1999    i.HAL_UART_MspInit  usart.o
    0x080042a0   0x080042a0   0x00000002   Code   RO         2042    i.HardFault_Handler  stm32f4xx_it.o
    0x080042a2   0x080042a2   0x0000002e   Code   RO         3655    i.I2C_IsAcknowledgeFailed  stm32f4xx_hal_i2c.o
    0x080042d0   0x080042d0   0x0000009c   Code   RO         3659    i.I2C_MasterRequestWrite  stm32f4xx_hal_i2c.o
    0x0800436c   0x0800436c   0x00000056   Code   RO         3670    i.I2C_WaitOnBTFFlagUntilTimeout  stm32f4xx_hal_i2c.o
    0x080043c2   0x080043c2   0x00000002   PAD
    0x080043c4   0x080043c4   0x00000090   Code   RO         3671    i.I2C_WaitOnFlagUntilTimeout  stm32f4xx_hal_i2c.o
    0x08004454   0x08004454   0x000000bc   Code   RO         3672    i.I2C_WaitOnMasterAddressFlagUntilTimeout  stm32f4xx_hal_i2c.o
    0x08004510   0x08004510   0x00000056   Code   RO         3674    i.I2C_WaitOnTXEFlagUntilTimeout  stm32f4xx_hal_i2c.o
    0x08004566   0x08004566   0x00000002   PAD
    0x08004568   0x08004568   0x0000003c   Code   RO         1029    i.L01_ClearIRQ      nrf24l01_drv.o
    0x080045a4   0x080045a4   0x00000028   Code   RO         1030    i.L01_FlushRX       nrf24l01_drv.o
    0x080045cc   0x080045cc   0x00000028   Code   RO         1031    i.L01_FlushTX       nrf24l01_drv.o
    0x080045f4   0x080045f4   0x0000005c   Code   RO         1035    i.L01_ReadRXPayload  nrf24l01_drv.o
    0x08004650   0x08004650   0x00000030   Code   RO         1036    i.L01_ReadSingleReg  nrf24l01_drv.o
    0x08004680   0x08004680   0x00000028   Code   RO         1037    i.L01_ReadStatusReg  nrf24l01_drv.o
    0x080046a8   0x080046a8   0x00000030   Code   RO         1038    i.L01_ReadTopFIFOWidth  nrf24l01_drv.o
    0x080046d8   0x080046d8   0x00000014   Code   RO         1041    i.L01_SetRXAddr     nrf24l01_drv.o
    0x080046ec   0x080046ec   0x00000028   Code   RO         1043    i.L01_SetTRMode     nrf24l01_drv.o
    0x08004714   0x08004714   0x00000010   Code   RO         1044    i.L01_SetTXAddr     nrf24l01_drv.o
    0x08004724   0x08004724   0x00000044   Code   RO         1046    i.L01_WriteMultiReg  nrf24l01_drv.o
    0x08004768   0x08004768   0x00000034   Code   RO         1048    i.L01_WriteSingleReg  nrf24l01_drv.o
    0x0800479c   0x0800479c   0x00000044   Code   RO         1050    i.L01_WriteTXPayload_NoAck  nrf24l01_drv.o
    0x080047e0   0x080047e0   0x0000006c   Code   RO         1699    i.MX_ADC1_Init      adc.o
    0x0800484c   0x0800484c   0x00000080   Code   RO         1625    i.MX_FREERTOS_Init  freertos.o
    0x080048cc   0x080048cc   0x00000168   Code   RO         1592    i.MX_GPIO_Init      gpio.o
    0x08004a34   0x08004a34   0x00000040   Code   RO         1741    i.MX_I2C2_Init      i2c.o
    0x08004a74   0x08004a74   0x00000048   Code   RO         1783    i.MX_SPI3_Init      spi.o
    0x08004abc   0x08004abc   0x00000088   Code   RO         1830    i.MX_TIM10_Init     tim.o
    0x08004b44   0x08004b44   0x00000080   Code   RO         1831    i.MX_TIM11_Init     tim.o
    0x08004bc4   0x08004bc4   0x00000050   Code   RO         1832    i.MX_TIM12_Init     tim.o
    0x08004c14   0x08004c14   0x000000d4   Code   RO         1833    i.MX_TIM1_Init      tim.o
    0x08004ce8   0x08004ce8   0x0000007c   Code   RO         1834    i.MX_TIM2_Init      tim.o
    0x08004d64   0x08004d64   0x0000007c   Code   RO         1835    i.MX_TIM3_Init      tim.o
    0x08004de0   0x08004de0   0x0000007c   Code   RO         1836    i.MX_TIM4_Init      tim.o
    0x08004e5c   0x08004e5c   0x0000007c   Code   RO         1837    i.MX_TIM5_Init      tim.o
    0x08004ed8   0x08004ed8   0x00000058   Code   RO         1838    i.MX_TIM6_Init      tim.o
    0x08004f30   0x08004f30   0x00000068   Code   RO         1839    i.MX_TIM7_Init      tim.o
    0x08004f98   0x08004f98   0x000000d0   Code   RO         1840    i.MX_TIM9_Init      tim.o
    0x08005068   0x08005068   0x00000038   Code   RO         2000    i.MX_USART1_UART_Init  usart.o
    0x080050a0   0x080050a0   0x00000002   Code   RO         2043    i.MemManage_Handler  stm32f4xx_it.o
    0x080050a2   0x080050a2   0x00000010   Code   RO           14    i.N2RPM             misc.o
    0x080050b2   0x080050b2   0x00000002   Code   RO         2044    i.NMI_Handler       stm32f4xx_it.o
    0x080050b4   0x080050b4   0x00000028   Code   RO         1288    i.OLED_Clear        oled.o
    0x080050dc   0x080050dc   0x00000064   Code   RO         1289    i.OLED_ClearArea    oled.o
    0x08005140   0x08005140   0x000000dc   Code   RO           16    i.OLED_Display_Init  misc.o
    0x0800521c   0x0800521c   0x000000e2   Code   RO         1293    i.OLED_DrawLine     oled.o
    0x080052fe   0x080052fe   0x00000002   PAD
    0x08005300   0x08005300   0x00000028   Code   RO         1294    i.OLED_DrawPoint    oled.o
    0x08005328   0x08005328   0x0000001e   Code   RO         1297    i.OLED_GPIO_Init    oled.o
    0x08005346   0x08005346   0x0000009c   Code   RO         1302    i.OLED_Init         oled.o
    0x080053e2   0x080053e2   0x0000000e   Code   RO         1304    i.OLED_Pow          oled.o
    0x080053f0   0x080053f0   0x0000002a   Code   RO         1305    i.OLED_Printf       oled.o
    0x0800541a   0x0800541a   0x00000022   Code   RO         1308    i.OLED_SetCursor    oled.o
    0x0800543c   0x0800543c   0x0000003c   Code   RO         1310    i.OLED_ShowChar     oled.o
    0x08005478   0x08005478   0x000000b0   Code   RO         1314    i.OLED_ShowImage    oled.o
    0x08005528   0x08005528   0x00000046   Code   RO         1315    i.OLED_ShowNum      oled.o
    0x0800556e   0x0800556e   0x0000002c   Code   RO         1317    i.OLED_ShowString   oled.o
    0x0800559a   0x0800559a   0x00000002   PAD
    0x0800559c   0x0800559c   0x00000028   Code   RO         1318    i.OLED_Update       oled.o
    0x080055c4   0x080055c4   0x00000024   Code   RO         1320    i.OLED_WriteCommand  oled.o
    0x080055e8   0x080055e8   0x00000044   Code   RO         1321    i.OLED_WriteData    oled.o
    0x0800562c   0x0800562c   0x00000094   Code   RO         1626    i.RobotTask         freertos.o
    0x080056c0   0x080056c0   0x00000114   Code   RO           17    i.Robot_State_Display  misc.o
    0x080057d4   0x080057d4   0x0000006c   Code   RO         4105    i.SPI_EndRxTxTransaction  stm32f4xx_hal_spi.o
    0x08005840   0x08005840   0x000000bc   Code   RO         4110    i.SPI_WaitFlagStateUntilTimeout  stm32f4xx_hal_spi.o
    0x080058fc   0x080058fc   0x00000038   Code   RO          548    i.SRC_Robot_Init    robot.o
    0x08005934   0x08005934   0x0000002c   Code   RO         6917    i.SysTick_Handler   port.o
    0x08005960   0x08005960   0x00000098   Code   RO         1537    i.SystemClock_Config  main.o
    0x080059f8   0x080059f8   0x00000010   Code   RO          739    i.SystemInit        system_stm32f4xx.o
    0x08005a08   0x08005a08   0x0000000c   Code   RO         2045    i.TIM8_BRK_TIM12_IRQHandler  stm32f4xx_it.o
    0x08005a14   0x08005a14   0x0000000c   Code   RO         2046    i.TIM8_TRG_COM_TIM14_IRQHandler  stm32f4xx_it.o
    0x08005a20   0x08005a20   0x000000d0   Code   RO         4473    i.TIM_Base_SetConfig  stm32f4xx_hal_tim.o
    0x08005af0   0x08005af0   0x0000001a   Code   RO         4474    i.TIM_CCxChannelCmd  stm32f4xx_hal_tim.o
    0x08005b0a   0x08005b0a   0x00000014   Code   RO         4484    i.TIM_ETR_SetConfig  stm32f4xx_hal_tim.o
    0x08005b1e   0x08005b1e   0x00000010   Code   RO         4485    i.TIM_ITRx_SetConfig  stm32f4xx_hal_tim.o
    0x08005b2e   0x08005b2e   0x00000002   PAD
    0x08005b30   0x08005b30   0x00000060   Code   RO         4486    i.TIM_OC1_SetConfig  stm32f4xx_hal_tim.o
    0x08005b90   0x08005b90   0x0000006c   Code   RO         4487    i.TIM_OC2_SetConfig  stm32f4xx_hal_tim.o
    0x08005bfc   0x08005bfc   0x00000068   Code   RO         4488    i.TIM_OC3_SetConfig  stm32f4xx_hal_tim.o
    0x08005c64   0x08005c64   0x00000050   Code   RO         4489    i.TIM_OC4_SetConfig  stm32f4xx_hal_tim.o
    0x08005cb4   0x08005cb4   0x00000022   Code   RO         4491    i.TIM_TI1_ConfigInputStage  stm32f4xx_hal_tim.o
    0x08005cd6   0x08005cd6   0x00000024   Code   RO         4493    i.TIM_TI2_ConfigInputStage  stm32f4xx_hal_tim.o
    0x08005cfa   0x08005cfa   0x00000002   PAD
    0x08005cfc   0x08005cfc   0x0000010c   Code   RO         5407    i.UART_SetConfig    stm32f4xx_hal_uart.o
    0x08005e08   0x08005e08   0x00000028   Code   RO         1627    i.Update_Motor      freertos.o
    0x08005e30   0x08005e30   0x00000002   Code   RO         2047    i.UsageFault_Handler  stm32f4xx_it.o
    0x08005e32   0x08005e32   0x00000030   Code   RO         7477    i.__ARM_fpclassify  m_wm.l(fpclassify.o)
    0x08005e62   0x08005e62   0x00000020   Code   RO         3211    i.__NVIC_SetPriority  stm32f4xx_hal_cortex.o
    0x08005e82   0x08005e82   0x00000006   PAD
    0x08005e88   0x08005e88   0x00000118   Code   RO         7125    i.__hardfp_ceil     m_wm.l(ceil.o)
    0x08005fa0   0x08005fa0   0x000000c8   Code   RO         7131    i.__hardfp_cos      m_wm.l(cos.o)
    0x08006068   0x08006068   0x000000c8   Code   RO         7147    i.__hardfp_sin      m_wm.l(sin.o)
    0x08006130   0x08006130   0x0000003a   Code   RO         7159    i.__hardfp_sqrtf    m_wm.l(sqrtf.o)
    0x0800616a   0x0800616a   0x00000006   PAD
    0x08006170   0x08006170   0x00000438   Code   RO         7402    i.__ieee754_rem_pio2  m_wm.l(rred.o)
    0x080065a8   0x080065a8   0x00000170   Code   RO         7378    i.__kernel_cos      m_wm.l(cos_i.o)
    0x08006718   0x08006718   0x000000f8   Code   RO         7479    i.__kernel_poly     m_wm.l(poly.o)
    0x08006810   0x08006810   0x00000130   Code   RO         7407    i.__kernel_sin      m_wm.l(sin_i.o)
    0x08006940   0x08006940   0x00000014   Code   RO         7382    i.__mathlib_dbl_infnan  m_wm.l(dunder.o)
    0x08006954   0x08006954   0x00000004   PAD
    0x08006958   0x08006958   0x00000020   Code   RO         7384    i.__mathlib_dbl_invalid  m_wm.l(dunder.o)
    0x08006978   0x08006978   0x00000020   Code   RO         7387    i.__mathlib_dbl_underflow  m_wm.l(dunder.o)
    0x08006998   0x08006998   0x0000000e   Code   RO         7263    i._is_digit         c_w.l(__printf_wp.o)
    0x080069a6   0x080069a6   0x00000002   PAD
    0x080069a8   0x080069a8   0x00000048   Code   RO          826    i.calc_max_output   pid.o
    0x080069f0   0x080069f0   0x00000018   Code   RO         1841    i.check_timer       tim.o
    0x08006a08   0x08006a08   0x00000030   Code   RO           19    i.chip_off          misc.o
    0x08006a38   0x08006a38   0x00000060   Code   RO           20    i.chip_on           misc.o
    0x08006a98   0x08006a98   0x0000000c   Code   RO          956    i.clr_receive_flag  nrf24l01.o
    0x08006aa4   0x08006aa4   0x00000026   Code   RO          371    i.compare_data      packet.o
    0x08006aca   0x08006aca   0x00000002   PAD
    0x08006acc   0x08006acc   0x0000002c   Code   RO          372    i.cpuid_identify    packet.o
    0x08006af8   0x08006af8   0x000000b8   Code   RO          373    i.decode_identify_packet  packet.o
    0x08006bb0   0x08006bb0   0x000001f8   Code   RO          374    i.decode_packet     packet.o
    0x08006da8   0x08006da8   0x00000108   Code   RO          445    i.do_acc_handle_move  action.o
    0x08006eb0   0x08006eb0   0x0000001c   Code   RO          446    i.do_chip           action.o
    0x08006ecc   0x08006ecc   0x00000084   Code   RO          776    i.do_comm_up        comm.o
    0x08006f50   0x08006f50   0x00000050   Code   RO          777    i.do_communication  comm.o
    0x08006fa0   0x08006fa0   0x0000003c   Code   RO          447    i.do_dribbler       action.o
    0x08006fdc   0x08006fdc   0x0000017c   Code   RO          448    i.do_move           action.o
    0x08007158   0x08007158   0x0000007c   Code   RO          778    i.do_packet_process  comm.o
    0x080071d4   0x080071d4   0x00000078   Code   RO          549    i.do_power_monitor  robot.o
    0x0800724c   0x0800724c   0x000002e0   Code   RO          550    i.do_robot_run      robot.o
    0x0800752c   0x0800752c   0x00000020   Code   RO          449    i.do_shoot          action.o
    0x0800754c   0x0800754c   0x00000104   Code   RO          658    i.do_update_motor   motor.o
    0x08007650   0x08007650   0x00000018   Code   RO         7397    i.fabs              m_wm.l(fabs.o)
    0x08007668   0x08007668   0x00000044   Code   RO           21    i.get_bat_v         misc.o
    0x080076ac   0x080076ac   0x00000040   Code   RO           22    i.get_cap_v         misc.o
    0x080076ec   0x080076ec   0x0000003c   Code   RO          957    i.get_nRF24L01_packet  nrf24l01.o
    0x08007728   0x08007728   0x00000010   Code   RO         1842    i.get_one_timer     tim.o
    0x08007738   0x08007738   0x00000030   Code   RO          375    i.get_packet_type   packet.o
    0x08007768   0x08007768   0x0000001c   Code   RO          884    i.get_param_ch_sum  param.o
    0x08007784   0x08007784   0x0000000c   Code   RO          958    i.get_receive_flag  nrf24l01.o
    0x08007790   0x08007790   0x00000010   Code   RO         1843    i.get_sys_tick      tim.o
    0x080077a0   0x080077a0   0x00000058   Code   RO           23    i.heart_beat        misc.o
    0x080077f8   0x080077f8   0x00000060   Code   RO           24    i.heart_led_spi_wr  misc.o
    0x08007858   0x08007858   0x0000005e   Code   RO         1174    i.high_size_eeprom_rd  simulate_i2c.o
    0x080078b6   0x080078b6   0x00000098   Code   RO         1175    i.high_size_eeprom_wr  simulate_i2c.o
    0x0800794e   0x0800794e   0x00000002   PAD
    0x08007950   0x08007950   0x00000048   Code   RO         1176    i.i2c_ack           simulate_i2c.o
    0x08007998   0x08007998   0x00000084   Code   RO         1181    i.i2c_rec_byte      simulate_i2c.o
    0x08007a1c   0x08007a1c   0x00000068   Code   RO         1182    i.i2c_send_byte     simulate_i2c.o
    0x08007a84   0x08007a84   0x00000050   Code   RO         1183    i.i2c_sta           simulate_i2c.o
    0x08007ad4   0x08007ad4   0x00000040   Code   RO         1184    i.i2c_stop          simulate_i2c.o
    0x08007b14   0x08007b14   0x00000014   Code   RO          551    i.inc_receive_mode_flag  robot.o
    0x08007b28   0x08007b28   0x00000010   Code   RO           25    i.init_Power_Board  misc.o
    0x08007b38   0x08007b38   0x00000040   Code   RO          779    i.init_comm         comm.o
    0x08007b78   0x08007b78   0x00000044   Code   RO          885    i.init_def_param    param.o
    0x08007bbc   0x08007bbc   0x00000030   Code   RO           26    i.init_dribbler     misc.o
    0x08007bec   0x08007bec   0x0000007c   Code   RO         1593    i.init_gpio         gpio.o
    0x08007c68   0x08007c68   0x00000034   Code   RO          659    i.init_motor        motor.o
    0x08007c9c   0x08007c9c   0x00000030   Code   RO          959    i.init_nrf24l01     nrf24l01.o
    0x08007ccc   0x08007ccc   0x00000154   Code   RO          552    i.init_robot        robot.o
    0x08007e20   0x08007e20   0x00000014   Code   RO          450    i.init_shooter      action.o
    0x08007e34   0x08007e34   0x00000054   Code   RO         1186    i.is_i2c_ack        simulate_i2c.o
    0x08007e88   0x08007e88   0x000000ec   Code   RO           27    i.is_power_low      misc.o
    0x08007f74   0x08007f74   0x0000003e   Code   RO          888    i.load_param        param.o
    0x08007fb2   0x08007fb2   0x00000068   Code   RO         1538    i.main              main.o
    0x0800801a   0x0800801a   0x0000000c   Code   RO         6482    i.makeFreeRtosPriority  cmsis_os.o
    0x08008026   0x08008026   0x00000002   PAD
    0x08008028   0x08008028   0x000000ac   Code   RO          960    i.nrf24l01_init     nrf24l01.o
    0x080080d4   0x080080d4   0x00000024   Code   RO           28    i.nrf_spi_wr_rd     misc.o
    0x080080f8   0x080080f8   0x00000040   Code   RO          553    i.on_robot_command  robot.o
    0x08008138   0x08008138   0x0000000e   Code   RO         6484    i.osDelay           cmsis_os.o
    0x08008146   0x08008146   0x0000000a   Code   RO         6487    i.osKernelStart     cmsis_os.o
    0x08008150   0x08008150   0x00000054   Code   RO         6521    i.osThreadCreate    cmsis_os.o
    0x080081a4   0x080081a4   0x00000198   Code   RO          376    i.packet            packet.o
    0x0800833c   0x0800833c   0x00000088   Code   RO          828    i.pid_init          pid.o
    0x080083c4   0x080083c4   0x0000001c   Code   RO          829    i.pid_reinit        pid.o
    0x080083e0   0x080083e0   0x000000d8   Code   RO          830    i.pid_step          pid.o
    0x080084b8   0x080084b8   0x00000070   Code   RO         6164    i.prvAddCurrentTaskToDelayedList  tasks.o
    0x08008528   0x08008528   0x000000d0   Code   RO         6165    i.prvAddNewTaskToReadyList  tasks.o
    0x080085f8   0x080085f8   0x00000034   Code   RO         6166    i.prvDeleteTCB      tasks.o
    0x0800862c   0x0800862c   0x0000004c   Code   RO         6849    i.prvHeapInit       heap_4.o
    0x08008678   0x08008678   0x00000060   Code   RO         6167    i.prvIdleTask       tasks.o
    0x080086d8   0x080086d8   0x00000016   Code   RO         5852    i.prvInitialiseNewQueue  queue.o
    0x080086ee   0x080086ee   0x00000098   Code   RO         6168    i.prvInitialiseNewTask  tasks.o
    0x08008786   0x08008786   0x00000002   PAD
    0x08008788   0x08008788   0x0000004c   Code   RO         6850    i.prvInsertBlockIntoFreeList  heap_4.o
    0x080087d4   0x080087d4   0x0000001c   Code   RO         5853    i.prvIsQueueEmpty   queue.o
    0x080087f0   0x080087f0   0x00000020   Code   RO         6169    i.prvResetNextTaskUnblockTime  tasks.o
    0x08008810   0x08008810   0x00000028   Code   RO         6918    i.prvTaskExitError  port.o
    0x08008838   0x08008838   0x0000006a   Code   RO         5854    i.prvUnlockQueue    queue.o
    0x080088a2   0x080088a2   0x00000002   PAD
    0x080088a4   0x080088a4   0x000000dc   Code   RO         6851    i.pvPortMalloc      heap_4.o
    0x08008980   0x08008980   0x00000018   Code   RO         6171    i.pvTaskIncrementMutexHeldCount  tasks.o
    0x08008998   0x08008998   0x0000002c   Code   RO         6919    i.pxPortInitialiseStack  port.o
    0x080089c4   0x080089c4   0x00000100   Code   RO           29    i.read_dip_sw       misc.o
    0x08008ac4   0x08008ac4   0x00000050   Code   RO          961    i.send_nRF24L01_packet  nrf24l01.o
    0x08008b14   0x08008b14   0x00000028   Code   RO          451    i.set_dribbler      action.o
    0x08008b3c   0x08008b3c   0x0000005a   Code   RO           30    i.set_heart_led     misc.o
    0x08008b96   0x08008b96   0x00000002   PAD
    0x08008b98   0x08008b98   0x00000050   Code   RO          660    i.set_motor_break   motor.o
    0x08008be8   0x08008be8   0x00000050   Code   RO          661    i.set_motor_dir     motor.o
    0x08008c38   0x08008c38   0x0000001c   Code   RO          662    i.set_motor_pwm     motor.o
    0x08008c54   0x08008c54   0x0000000c   Code   RO          962    i.set_receive_flag  nrf24l01.o
    0x08008c60   0x08008c60   0x00000060   Code   RO          452    i.set_shooter       action.o
    0x08008cc0   0x08008cc0   0x0000001c   Code   RO          453    i.set_test_shooter  action.o
    0x08008cdc   0x08008cdc   0x00000030   Code   RO           31    i.shoot_off         misc.o
    0x08008d0c   0x08008d0c   0x00000060   Code   RO           32    i.shoot_on          misc.o
    0x08008d6c   0x08008d6c   0x00000028   Code   RO          454    i.shooter_off       action.o
    0x08008d94   0x08008d94   0x00000010   Code   RO          663    i.sign_int          motor.o
    0x08008da4   0x08008da4   0x00000088   Code   RO          664    i.start_encoder     motor.o
    0x08008e2c   0x08008e2c   0x00000018   Code   RO           33    i.start_ir_pwm      misc.o
    0x08008e44   0x08008e44   0x00000068   Code   RO          665    i.start_motor       motor.o
    0x08008eac   0x08008eac   0x00000044   Code   RO          963    i.start_nRF24L01_RX  nrf24l01.o
    0x08008ef0   0x08008ef0   0x00000128   Code   RO          667    i.update_encoder    motor.o
    0x08009018   0x08009018   0x00000028   Code   RO          455    i.update_shooter    action.o
    0x08009040   0x08009040   0x00000018   Code   RO         1844    i.update_sys_timer  tim.o
    0x08009058   0x08009058   0x00000026   Code   RO         5809    i.uxListRemove      list.o
    0x0800907e   0x0800907e   0x00000002   PAD
    0x08009080   0x08009080   0x00000014   Code   RO         1628    i.vApplicationGetIdleTaskMemory  freertos.o
    0x08009094   0x08009094   0x00000016   Code   RO         5810    i.vListInitialise   list.o
    0x080090aa   0x080090aa   0x00000006   Code   RO         5811    i.vListInitialiseItem  list.o
    0x080090b0   0x080090b0   0x00000030   Code   RO         5812    i.vListInsert       list.o
    0x080090e0   0x080090e0   0x00000018   Code   RO         5813    i.vListInsertEnd    list.o
    0x080090f8   0x080090f8   0x00000040   Code   RO         6921    i.vPortEnterCritical  port.o
    0x08009138   0x08009138   0x00000028   Code   RO         6922    i.vPortExitCritical  port.o
    0x08009160   0x08009160   0x00000064   Code   RO         6852    i.vPortFree         heap_4.o
    0x080091c4   0x080091c4   0x00000024   Code   RO         6923    i.vPortSetupTimerInterrupt  port.o
    0x080091e8   0x080091e8   0x00000054   Code   RO         6924    i.vPortValidateInterruptPriority  port.o
    0x0800923c   0x0800923c   0x0000004c   Code   RO         6178    i.vTaskDelay        tasks.o
    0x08009288   0x08009288   0x00000010   Code   RO         6181    i.vTaskInternalSetTimeOutState  tasks.o
    0x08009298   0x08009298   0x0000000c   Code   RO         6182    i.vTaskMissedYield  tasks.o
    0x080092a4   0x080092a4   0x00000030   Code   RO         6184    i.vTaskPlaceOnEventList  tasks.o
    0x080092d4   0x080092d4   0x000000a0   Code   RO         6186    i.vTaskPriorityDisinheritAfterTimeout  tasks.o
    0x08009374   0x08009374   0x0000006c   Code   RO         6191    i.vTaskStartScheduler  tasks.o
    0x080093e0   0x080093e0   0x00000010   Code   RO         6193    i.vTaskSuspendAll   tasks.o
    0x080093f0   0x080093f0   0x0000005c   Code   RO         6194    i.vTaskSwitchContext  tasks.o
    0x0800944c   0x0800944c   0x00000016   Code   RO         1845    i.wait_100us        tim.o
    0x08009462   0x08009462   0x00000014   Code   RO         1846    i.wait_ms_with_dis_int  tim.o
    0x08009476   0x08009476   0x00000002   PAD
    0x08009478   0x08009478   0x00000030   Code   RO         1847    i.wait_us           tim.o
    0x080094a8   0x080094a8   0x000000f4   Code   RO         6925    i.xPortStartScheduler  port.o
    0x0800959c   0x0800959c   0x00000042   Code   RO         5863    i.xQueueGenericCreate  queue.o
    0x080095de   0x080095de   0x00000002   PAD
    0x080095e0   0x080095e0   0x00000088   Code   RO         5865    i.xQueueGenericReset  queue.o
    0x08009668   0x08009668   0x0000009c   Code   RO         5868    i.xQueueGiveFromISR  queue.o
    0x08009704   0x08009704   0x00000178   Code   RO         5875    i.xQueueSemaphoreTake  queue.o
    0x0800987c   0x0800987c   0x00000074   Code   RO         6196    i.xTaskCheckForTimeOut  tasks.o
    0x080098f0   0x080098f0   0x0000005a   Code   RO         6197    i.xTaskCreate       tasks.o
    0x0800994a   0x0800994a   0x00000056   Code   RO         6198    i.xTaskCreateStatic  tasks.o
    0x080099a0   0x080099a0   0x0000001c   Code   RO         6202    i.xTaskGetSchedulerState  tasks.o
    0x080099bc   0x080099bc   0x000000cc   Code   RO         6205    i.xTaskIncrementTick  tasks.o
    0x08009a88   0x08009a88   0x0000008c   Code   RO         6209    i.xTaskPriorityInherit  tasks.o
    0x08009b14   0x08009b14   0x00000074   Code   RO         6210    i.xTaskRemoveFromEventList  tasks.o
    0x08009b88   0x08009b88   0x000000c4   Code   RO         6211    i.xTaskResumeAll    tasks.o
    0x08009c4c   0x08009c4c   0x0000002c   Code   RO         7525    locale$$code        c_w.l(lc_numeric_c.o)
    0x08009c78   0x08009c78   0x0000002c   Code   RO         7558    locale$$code        c_w.l(lc_ctype_c.o)
    0x08009ca4   0x08009ca4   0x00000018   Code   RO         7077    x$fpl$basic         fz_wm.l(basic.o)
    0x08009cbc   0x08009cbc   0x00000062   Code   RO         7079    x$fpl$d2f           fz_wm.l(d2f.o)
    0x08009d1e   0x08009d1e   0x00000002   PAD
    0x08009d20   0x08009d20   0x00000150   Code   RO         7081    x$fpl$dadd          fz_wm.l(daddsub_clz.o)
    0x08009e70   0x08009e70   0x00000018   Code   RO         7343    x$fpl$dcmpinf       fz_wm.l(dcmpi.o)
    0x08009e88   0x08009e88   0x000002b0   Code   RO         7088    x$fpl$ddiv          fz_wm.l(ddiv.o)
    0x0800a138   0x0800a138   0x0000005e   Code   RO         7091    x$fpl$dfix          fz_wm.l(dfix.o)
    0x0800a196   0x0800a196   0x0000002e   Code   RO         7100    x$fpl$dflt          fz_wm.l(dflt_clz.o)
    0x0800a1c4   0x0800a1c4   0x00000026   Code   RO         7099    x$fpl$dfltu         fz_wm.l(dflt_clz.o)
    0x0800a1ea   0x0800a1ea   0x00000002   PAD
    0x0800a1ec   0x0800a1ec   0x00000078   Code   RO         7105    x$fpl$dleqf         fz_wm.l(dleqf.o)
    0x0800a264   0x0800a264   0x00000154   Code   RO         7107    x$fpl$dmul          fz_wm.l(dmul.o)
    0x0800a3b8   0x0800a3b8   0x0000009c   Code   RO         7345    x$fpl$dnaninf       fz_wm.l(dnaninf.o)
    0x0800a454   0x0800a454   0x0000000c   Code   RO         7347    x$fpl$dretinf       fz_wm.l(dretinf.o)
    0x0800a460   0x0800a460   0x0000006c   Code   RO         7109    x$fpl$drleqf        fz_wm.l(drleqf.o)
    0x0800a4cc   0x0800a4cc   0x00000016   Code   RO         7082    x$fpl$drsb          fz_wm.l(daddsub_clz.o)
    0x0800a4e2   0x0800a4e2   0x00000002   PAD
    0x0800a4e4   0x0800a4e4   0x000001d4   Code   RO         7083    x$fpl$dsub          fz_wm.l(daddsub_clz.o)
    0x0800a6b8   0x0800a6b8   0x00000056   Code   RO         7111    x$fpl$f2d           fz_wm.l(f2d.o)
    0x0800a70e   0x0800a70e   0x0000008c   Code   RO         7351    x$fpl$fnaninf       fz_wm.l(fnaninf.o)
    0x0800a79a   0x0800a79a   0x0000000a   Code   RO         7475    x$fpl$fpinit        fz_wm.l(fpinit.o)
    0x0800a7a4   0x0800a7a4   0x0000000a   Code   RO         7353    x$fpl$fretinf       fz_wm.l(fretinf.o)
    0x0800a7ae   0x0800a7ae   0x00000004   Code   RO         7355    x$fpl$printf1       fz_wm.l(printf1.o)
    0x0800a7b2   0x0800a7b2   0x00000004   Code   RO         7357    x$fpl$printf2       fz_wm.l(printf2.o)
    0x0800a7b6   0x0800a7b6   0x00000000   Code   RO         7363    x$fpl$usenofp       fz_wm.l(usenofp.o)
    0x0800a7b6   0x0800a7b6   0x00000002   PAD
    0x0800a7b8   0x0800a7b8   0x00000020   Data   RO          556    .constdata          robot.o
    0x0800a7d8   0x0800a7d8   0x00000010   Data   RO          740    .constdata          system_stm32f4xx.o
    0x0800a7e8   0x0800a7e8   0x00000008   Data   RO          741    .constdata          system_stm32f4xx.o
    0x0800a7f0   0x0800a7f0   0x000005f0   Data   RO         1516    .constdata          oledfont.o
    0x0800ade0   0x0800ade0   0x0000023a   Data   RO         1517    .constdata          oledfont.o
    0x0800b01a   0x0800b01a   0x00000300   Data   RO         1520    .constdata          oledfont.o
    0x0800b31a   0x0800b31a   0x00000002   PAD
    0x0800b31c   0x0800b31c   0x0000008c   Data   RO         1630    .constdata          freertos.o
    0x0800b3a8   0x0800b3a8   0x00000008   Data   RO         7222    .constdata          c_w.l(_printf_wctomb.o)
    0x0800b3b0   0x0800b3b0   0x00000028   Data   RO         7251    .constdata          c_w.l(_printf_hex_int_ll_ptr.o)
    0x0800b3d8   0x0800b3d8   0x00000011   Data   RO         7271    .constdata          c_w.l(__printf_flags_ss_wp.o)
    0x0800b3e9   0x0800b3e9   0x00000007   PAD
    0x0800b3f0   0x0800b3f0   0x00000030   Data   RO         7379    .constdata          m_wm.l(cos_i.o)
    0x0800b420   0x0800b420   0x000000c8   Data   RO         7404    .constdata          m_wm.l(rred.o)
    0x0800b4e8   0x0800b4e8   0x00000028   Data   RO         7408    .constdata          m_wm.l(sin_i.o)
    0x0800b510   0x0800b510   0x00000026   Data   RO         7455    .constdata          c_w.l(_printf_fp_hex.o)
    0x0800b536   0x0800b536   0x00000002   PAD
    0x0800b538   0x0800b538   0x00000094   Data   RO         7500    .constdata          c_w.l(bigflt0.o)
    0x0800b5cc   0x0800b5cc   0x00000042   Data   RO         1631    .conststring        freertos.o
    0x0800b60e   0x0800b60e   0x00000002   PAD
    0x0800b610   0x0800b610   0x00000020   Data   RO         7609    Region$$Table       anon$$obj.o
    0x0800b630   0x0800b630   0x0000001c   Data   RO         7524    locale$$data        c_w.l(lc_numeric_c.o)
    0x0800b64c   0x0800b64c   0x00000110   Data   RO         7557    locale$$data        c_w.l(lc_ctype_c.o)


    Execution Region RW_IRAM2 (Exec base: 0x10000000, Load base: 0x0800b780, Size: 0x00000000, Max: 0x00010000, ABSOLUTE)

    **** No section assigned to this execution region ****


    Execution Region RW_IRAM1 (Exec base: 0x20000000, Load base: 0x0800b75c, Size: 0x00007358, Max: 0x00020000, ABSOLUTE, COMPRESSED[0x00000024])

    Exec Addr    Load Addr    Size         Type   Attr      Idx    E Section Name        Object

    0x20000000   COMPRESSED   0x00000018   Data   RW           35    .data               misc.o
    0x20000018   COMPRESSED   0x00000028   Data   RW          378    .data               packet.o
    0x20000040   COMPRESSED   0x0000000c   Data   RW          457    .data               action.o
    0x2000004c   COMPRESSED   0x0000001c   Data   RW          557    .data               robot.o
    0x20000068   COMPRESSED   0x00000008   Data   RW          558    .data               robot.o
    0x20000070   COMPRESSED   0x00000018   Data   RW          668    .data               motor.o
    0x20000088   COMPRESSED   0x00000004   Data   RW          742    .data               system_stm32f4xx.o
    0x2000008c   COMPRESSED   0x00000008   Data   RW          781    .data               comm.o
    0x20000094   COMPRESSED   0x00000004   Data   RW          965    .data               nrf24l01.o
    0x20000098   COMPRESSED   0x00000008   Data   RW         1540    .data               main.o
    0x200000a0   COMPRESSED   0x00000040   Data   RW         1632    .data               freertos.o
    0x200000e0   COMPRESSED   0x00000008   Data   RW         1849    .data               tim.o
    0x200000e8   COMPRESSED   0x0000000c   Data   RW         3370    .data               stm32f4xx_hal.o
    0x200000f4   COMPRESSED   0x0000003c   Data   RW         6214    .data               tasks.o
    0x20000130   COMPRESSED   0x00000020   Data   RW         6858    .data               heap_4.o
    0x20000150   COMPRESSED   0x0000000c   Data   RW         6926    .data               port.o
    0x2000015c        -       0x00000014   Zero   RW           34    .bss                misc.o
    0x20000170        -       0x00000010   Zero   RW          456    .bss                action.o
    0x20000180        -       0x00000158   Zero   RW          780    .bss                comm.o
    0x200002d8        -       0x00000118   Zero   RW          964    .bss                nrf24l01.o
    0x200003f0        -       0x00000400   Zero   RW         1323    .bss                oled.o
    0x200007f0        -       0x00002128   Zero   RW         1539    .bss                main.o
    0x20002918        -       0x00000254   Zero   RW         1629    .bss                freertos.o
    0x20002b6c        -       0x00000048   Zero   RW         1700    .bss                adc.o
    0x20002bb4        -       0x00000054   Zero   RW         1742    .bss                i2c.o
    0x20002c08        -       0x00000058   Zero   RW         1784    .bss                spi.o
    0x20002c60        -       0x00000318   Zero   RW         1848    .bss                tim.o
    0x20002f78        -       0x00000048   Zero   RW         2001    .bss                usart.o
    0x20002fc0        -       0x00000048   Zero   RW         2137    .bss                stm32f4xx_hal_timebase_tim.o
    0x20003008        -       0x000000f0   Zero   RW         6213    .bss                tasks.o
    0x200030f8        -       0x00003c00   Zero   RW         6857    .bss                heap_4.o
    0x20006cf8        -       0x00000060   Zero   RW         7416    .bss                c_w.l(libspace.o)
    0x20006d58        -       0x00000200   Zero   RW            2    HEAP                startup_stm32f407xx.o
    0x20006f58        -       0x00000400   Zero   RW            1    STACK               startup_stm32f407xx.o


==============================================================================

Image component sizes


      Code (inc. data)   RO Data    RW Data    ZI Data      Debug   Object Name

      1028        106          0         12         16       8750   action.o
       204         26          0          0         72       1637   adc.o
       120          0          0          0          0      23049   cmsis_os.o
       400         70          0          8        344       3219   comm.o
         0          0          0          0          0      18468   event_groups.o
       552         56        206         64        596       5555   freertos.o
       484         44          0          0          0       1619   gpio.o
       472         24          0         32      15360       7115   heap_4.o
       192         26          0          0         84       1621   i2c.o
       138          0          0          0          0       3302   list.o
       400         40          0          8       8488       4252   main.o
      1874        310          0         24         20     768293   misc.o
      1052         96          0         24          0       6303   motor.o
       464         68          0          4        280       5690   nrf24l01.o
       632         52          0          0          0       7604   nrf24l01_drv.o
      1176         46          0          0       1024      10785   oled.o
         0          0       2858          0          0       1079   oledfont.o
      1226         38          0         40          0       6525   packet.o
       158          0          0          0          0       1985   param.o
       452         62          0          0          0       3569   pid.o
       786         82          0         12          0      11689   port.o
       890          8          0          0          0      11129   queue.o
      1396        100         32         36          0       7241   robot.o
       782         32          0          0          0       4807   simulate_i2c.o
       180         24          0          0         88       1633   spi.o
        64         26        392          0       1536        836   startup_stm32f407xx.o
        80         14          0         12          0       8034   stm32f4xx_hal.o
      1200         52          0          0          0       5505   stm32f4xx_hal_adc.o
       158         14          0          0          0      32658   stm32f4xx_hal_cortex.o
       516         46          0          0          0       2595   stm32f4xx_hal_gpio.o
      1398         32          0          0          0       8209   stm32f4xx_hal_i2c.o
        56          4          0          0          0        850   stm32f4xx_hal_msp.o
      1412         86          0          0          0       5589   stm32f4xx_hal_rcc.o
       980         16          0          0          0       4037   stm32f4xx_hal_spi.o
      2490        146          0          0          0      18865   stm32f4xx_hal_tim.o
       232         28          0          0          0       3157   stm32f4xx_hal_tim_ex.o
       152         20          0          0         72       1408   stm32f4xx_hal_timebase_tim.o
       368         10          0          0          0       1932   stm32f4xx_hal_uart.o
        36         12          0          0          0       3701   stm32f4xx_it.o
        16          4         24          4          0       1131   system_stm32f4xx.o
      2180        166          0         60        240      25009   tasks.o
      2374        210          0          8        792      15227   tim.o
       164         22          0          0         72       1642   usart.o

    ----------------------------------------------------------------------
     28988       2218       3548        348      29084    1067304   Object Totals
         0          0         32          0          0          0   (incl. Generated)
        54          0          4          0          0          0   (incl. Padding)

    ----------------------------------------------------------------------

      Code (inc. data)   RO Data    RW Data    ZI Data      Debug   Library Member Name

        90          0          0          0          0          0   __dczerorl2.o
         8          0          0          0          0         68   __main.o
       392          4         17          0          0         92   __printf_flags_ss_wp.o
        14          0          0          0          0         68   __printf_wp.o
         0          0          0          0          0          0   __rtentry.o
        12          0          0          0          0          0   __rtentry2.o
         6          0          0          0          0          0   __rtentry4.o
        52          8          0          0          0          0   __scatter.o
        28          0          0          0          0          0   __scatter_zi.o
         6          0          0          0          0          0   _printf_a.o
         6          0          0          0          0          0   _printf_c.o
        44          0          0          0          0        108   _printf_char.o
        48          6          0          0          0         96   _printf_char_common.o
        40          0          0          0          0         68   _printf_charcount.o
         6          0          0          0          0          0   _printf_d.o
       120         16          0          0          0         92   _printf_dec.o
         6          0          0          0          0          0   _printf_e.o
         6          0          0          0          0          0   _printf_f.o
      1050          0          0          0          0        216   _printf_fp_dec.o
       764         10         38          0          0        100   _printf_fp_hex.o
       128         16          0          0          0         84   _printf_fp_infnan.o
         6          0          0          0          0          0   _printf_g.o
       148          4         40          0          0        160   _printf_hex_int_ll_ptr.o
         6          0          0          0          0          0   _printf_i.o
       178          0          0          0          0         88   _printf_intcommon.o
        10          0          0          0          0          0   _printf_l.o
         6          0          0          0          0          0   _printf_lc.o
        10          0          0          0          0          0   _printf_ll.o
         6          0          0          0          0          0   _printf_lld.o
         6          0          0          0          0          0   _printf_lli.o
         6          0          0          0          0          0   _printf_llo.o
         6          0          0          0          0          0   _printf_llu.o
         6          0          0          0          0          0   _printf_llx.o
       124         16          0          0          0         92   _printf_longlong_dec.o
         6          0          0          0          0          0   _printf_ls.o
         6          0          0          0          0          0   _printf_n.o
         6          0          0          0          0          0   _printf_o.o
       112          8          0          0          0        124   _printf_oct_int_ll.o
         6          0          0          0          0          0   _printf_p.o
        78          0          0          0          0        108   _printf_pad.o
         0          0          0          0          0          0   _printf_percent.o
         4          0          0          0          0          0   _printf_percent_end.o
         6          0          0          0          0          0   _printf_s.o
        82          0          0          0          0         80   _printf_str.o
        36          0          0          0          0         84   _printf_truncate.o
         6          0          0          0          0          0   _printf_u.o
        44          0          0          0          0        108   _printf_wchar.o
       188          6          8          0          0         92   _printf_wctomb.o
         6          0          0          0          0          0   _printf_x.o
        22          0          0          0          0        100   _rserrno.o
        10          0          0          0          0         68   _sputc.o
        64          0          0          0          0         92   _wcrtomb.o
       220          4        148          0          0         96   bigflt0.o
      1910        128          0          0          0        672   btod.o
        10          0          0          0          0         68   defsig_exit.o
        50          0          0          0          0         88   defsig_general.o
        80         58          0          0          0         76   defsig_rtmem_inner.o
        14          0          0          0          0         80   defsig_rtmem_outer.o
        12          0          0          0          0         72   exit.o
        94          0          0          0          0         80   h1_alloc.o
        52          0          0          0          0         68   h1_extend.o
        78          0          0          0          0         80   h1_free.o
        14          0          0          0          0         84   h1_init.o
         6          0          0          0          0        152   heapauxi.o
         4          0          0          0          0        136   hguard.o
         0          0          0          0          0          0   indicate_semi.o
       138          0          0          0          0        168   init_alloc.o
        44         10        272          0          0         76   lc_ctype_c.o
        44         10         28          0          0         76   lc_numeric_c.o
         2          0          0          0          0          0   libinit.o
        42          0          0          0          0          0   libinit2.o
         2          0          0          0          0          0   libshutdown.o
         2          0          0          0          0          0   libshutdown2.o
         8          4          0          0         96         68   libspace.o
       138          0          0          0          0         80   lludiv10.o
       238          0          0          0          0        100   lludivv7m.o
         0          0          0          0          0          0   maybetermalloc1.o
        16          4          0          0          0         76   rt_ctype_table.o
         8          4          0          0          0         68   rt_errno_addr_intlibspace.o
         8          4          0          0          0         68   rt_heap_descriptor_intlibspace.o
         8          4          0          0          0         68   rt_locale_intlibspace.o
        68          0          0          0          0         68   rt_memclr.o
        78          0          0          0          0         80   rt_memclr_w.o
       100          0          0          0          0         80   rt_memcpy_w.o
         2          0          0          0          0          0   rtexit.o
        10          0          0          0          0          0   rtexit2.o
       128          0          0          0          0         68   strcmpv7m.o
        12          4          0          0          0         68   sys_exit.o
        74          0          0          0          0         80   sys_stackheap_outer.o
        14          0          0          0          0         76   sys_wrch.o
         2          0          0          0          0         68   use_no_semi.o
        36          4          0          0          0         76   vsprintf.o
        24          0          0          0          0        164   basic.o
        98          4          0          0          0        140   d2f.o
       826         16          0          0          0        492   daddsub_clz.o
        24          0          0          0          0        116   dcmpi.o
       688        140          0          0          0        256   ddiv.o
        94          4          0          0          0        140   dfix.o
        84          0          0          0          0        232   dflt_clz.o
       120          4          0          0          0        140   dleqf.o
       340         12          0          0          0        152   dmul.o
       156          4          0          0          0        140   dnaninf.o
        12          0          0          0          0        116   dretinf.o
       108          0          0          0          0        128   drleqf.o
        86          4          0          0          0        132   f2d.o
       140          4          0          0          0        132   fnaninf.o
        10          0          0          0          0        116   fpinit.o
        10          0          0          0          0        116   fretinf.o
         4          0          0          0          0        116   printf1.o
         4          0          0          0          0        116   printf2.o
         0          0          0          0          0          0   usenofp.o
       280         28          0          0          0        156   ceil.o
       200         20          0          0          0        164   cos.o
       368         46         48          0          0        200   cos_i.o
        84         16          0          0          0        372   dunder.o
        24          0          0          0          0        124   fabs.o
        48          0          0          0          0        124   fpclassify.o
       248          0          0          0          0        152   poly.o
      1080        142        200          0          0        188   rred.o
       200         20          0          0          0        164   sin.o
       304         24         40          0          0        208   sin_i.o
        58          0          0          0          0        136   sqrtf.o

    ----------------------------------------------------------------------
     13556        820        848          0         96      10384   Library Totals
        42          0          9          0          0          0   (incl. Padding)

    ----------------------------------------------------------------------

      Code (inc. data)   RO Data    RW Data    ZI Data      Debug   Library Name

      7792        332        551          0         96       5452   c_w.l
      2828        192          0          0          0       2944   fz_wm.l
      2894        296        288          0          0       1988   m_wm.l

    ----------------------------------------------------------------------
     13556        820        848          0         96      10384   Library Totals

    ----------------------------------------------------------------------

==============================================================================


      Code (inc. data)   RO Data    RW Data    ZI Data      Debug   

     42544       3038       4396        348      29180    1044620   Grand Totals
     42544       3038       4396         36      29180    1044620   ELF Image Totals (compressed)
     42544       3038       4396         36          0          0   ROM Totals

==============================================================================

    Total RO  Size (Code + RO Data)                46940 (  45.84kB)
    Total RW  Size (RW Data + ZI Data)             29528 (  28.84kB)
    Total ROM Size (Code + RO Data + RW Data)      46976 (  45.88kB)

==============================================================================

